<html>
<body>
<pre>
<h1>µVision Build Log</h1>
<h2>Tool Versions:</h2>
IDE-Version: µVision V5.14.0.0
Copyright (C) 2015 ARM Ltd and ARM Germany GmbH. All rights reserved.
License Information: Hossein Ba, ArvinCo, LIC=21E45-GJINV-KPWZY-IBR5P-QN606-ZPAQ7
 
Tool Versions:
Toolchain:       MDK-ARM Standard  Version: 5.14.0.0
Toolchain Path:  C:\Keil_v5\ARM\ARMCC\Bin
C Compiler:      Armcc.exe V5.05 update 1 (build 106)
Assembler:       Armasm.exe V5.05 update 1 (build 106)
Linker/Locator:  ArmLink.exe V5.05 update 1 (build 106)
Library Manager: ArmAr.exe V5.05 update 1 (build 106)
Hex Converter:   FromElf.exe V5.05 update 1 (build 106)
CPU DLL:         SARMCM3.DLL V5.14.0.0
Dialog DLL:      DARMCM1.DLL V1.12.0.0
Target DLL:      STLink\ST-LINKIII-KEIL_SWO.dll V2.0.14.0_KEIL
Dialog DLL:      TARMCM1.DLL V1.9.0.0
 
<h2>Project:</h2>
C:\Users\hosse\Desktop\stm32_spi_eeprom\MDK-ARM\stm32_adxl345.uvproj
Project File Date:  10/29/2019

<h2>Output:</h2>
Build target 'stm32_adxl345_DEBUG'
compiling main.c...
linking...
Program Size: Code=12224 RO-data=400 RW-data=92 ZI-data=1380  
FromELF: creating hex file...
".\stm32_adxl345\stm32_spi_eeprom.axf" - 0 Error(s), 0 Warning(s).
</pre>
</body>
</html>
