Component: ARM Compiler 5.05 update 1 (build 106) Tool: armlink [4d0efa]

==============================================================================

Section Cross References

    startup_stm32f030x8.o(RESET) refers to startup_stm32f030x8.o(STACK) for __initial_sp
    startup_stm32f030x8.o(RESET) refers to startup_stm32f030x8.o(.text) for Reset_Handler
    startup_stm32f030x8.o(RESET) refers to stm32f0xx_it.o(i.NMI_Handler) for NMI_Handler
    startup_stm32f030x8.o(RESET) refers to stm32f0xx_it.o(i.HardFault_Handler) for HardFault_Handler
    startup_stm32f030x8.o(RESET) refers to stm32f0xx_it.o(i.SVC_Handler) for SVC_Handler
    startup_stm32f030x8.o(RESET) refers to stm32f0xx_it.o(i.PendSV_Handler) for PendSV_Handler
    startup_stm32f030x8.o(RESET) refers to stm32f0xx_it.o(i.SysTick_Handler) for SysTick_Handler
    startup_stm32f030x8.o(RESET) refers to stm32f0xx_it.o(i.USART1_IRQHandler) for USART1_IRQHandler
    startup_stm32f030x8.o(.text) refers to system_stm32f0xx.o(i.SystemInit) for SystemInit
    startup_stm32f030x8.o(.text) refers to entry.o(.ARM.Collect$$$$00000000) for __main
    system_stm32f0xx.o(i.SystemCoreClockUpdate) refers to uidiv.o(.text) for __aeabi_uidivmod
    system_stm32f0xx.o(i.SystemCoreClockUpdate) refers to system_stm32f0xx.o(.data) for .data
    system_stm32f0xx.o(i.SystemCoreClockUpdate) refers to system_stm32f0xx.o(.constdata) for .constdata
    stm32f0xx_hal_msp.o(i.HAL_I2C_MspDeInit) refers to stm32f0xx_hal_gpio.o(i.HAL_GPIO_DeInit) for HAL_GPIO_DeInit
    stm32f0xx_hal_msp.o(i.HAL_I2C_MspInit) refers to stm32f0xx_hal_gpio.o(i.HAL_GPIO_Init) for HAL_GPIO_Init
    stm32f0xx_hal_msp.o(i.HAL_MspInit) refers to stm32f0xx_hal_cortex.o(i.HAL_NVIC_SetPriority) for HAL_NVIC_SetPriority
    stm32f0xx_hal_msp.o(i.HAL_SPI_MspDeInit) refers to stm32f0xx_hal_gpio.o(i.HAL_GPIO_DeInit) for HAL_GPIO_DeInit
    stm32f0xx_hal_msp.o(i.HAL_SPI_MspInit) refers to stm32f0xx_hal_gpio.o(i.HAL_GPIO_Init) for HAL_GPIO_Init
    stm32f0xx_hal_msp.o(i.HAL_UART_MspDeInit) refers to stm32f0xx_hal_gpio.o(i.HAL_GPIO_DeInit) for HAL_GPIO_DeInit
    stm32f0xx_hal_msp.o(i.HAL_UART_MspDeInit) refers to stm32f0xx_hal_cortex.o(i.HAL_NVIC_DisableIRQ) for HAL_NVIC_DisableIRQ
    stm32f0xx_hal_msp.o(i.HAL_UART_MspInit) refers to stm32f0xx_hal_gpio.o(i.HAL_GPIO_Init) for HAL_GPIO_Init
    stm32f0xx_it.o(i.SysTick_Handler) refers to stm32f0xx_hal.o(i.HAL_IncTick) for HAL_IncTick
    stm32f0xx_it.o(i.SysTick_Handler) refers to stm32f0xx_hal_cortex.o(i.HAL_SYSTICK_IRQHandler) for HAL_SYSTICK_IRQHandler
    stm32f0xx_it.o(i.USART1_IRQHandler) refers to stm32f0xx_hal_uart.o(i.HAL_UART_IRQHandler) for HAL_UART_IRQHandler
    stm32f0xx_it.o(i.USART1_IRQHandler) refers to debugprobe.o(i.BSP_DebugProbe_GetRxDBuffer) for BSP_DebugProbe_GetRxDBuffer
    stm32f0xx_it.o(i.USART1_IRQHandler) refers to stm32f0xx_hal_uart.o(i.HAL_UART_Receive_IT) for HAL_UART_Receive_IT
    stm32f0xx_it.o(i.USART1_IRQHandler) refers to main.o(.bss) for huart1
    main.o(i.MX_I2C1_Init) refers to stm32f0xx_hal_i2c.o(i.HAL_I2C_Init) for HAL_I2C_Init
    main.o(i.MX_I2C1_Init) refers to main.o(.bss) for .bss
    main.o(i.MX_NVIC_Init) refers to stm32f0xx_hal_cortex.o(i.HAL_NVIC_SetPriority) for HAL_NVIC_SetPriority
    main.o(i.MX_NVIC_Init) refers to stm32f0xx_hal_cortex.o(i.HAL_NVIC_EnableIRQ) for HAL_NVIC_EnableIRQ
    main.o(i.MX_SPI1_Init) refers to stm32f0xx_hal_spi.o(i.HAL_SPI_Init) for HAL_SPI_Init
    main.o(i.MX_SPI1_Init) refers to main.o(.bss) for .bss
    main.o(i.MX_USART1_UART_Init) refers to stm32f0xx_hal_uart.o(i.HAL_UART_Init) for HAL_UART_Init
    main.o(i.MX_USART1_UART_Init) refers to main.o(.bss) for .bss
    main.o(i.SystemClock_Config) refers to stm32f0xx_hal_rcc.o(i.HAL_RCC_OscConfig) for HAL_RCC_OscConfig
    main.o(i.SystemClock_Config) refers to stm32f0xx_hal_rcc.o(i.HAL_RCC_ClockConfig) for HAL_RCC_ClockConfig
    main.o(i.SystemClock_Config) refers to stm32f0xx_hal_rcc.o(i.HAL_RCC_GetHCLKFreq) for HAL_RCC_GetHCLKFreq
    main.o(i.SystemClock_Config) refers to uidiv.o(.text) for __aeabi_uidivmod
    main.o(i.SystemClock_Config) refers to stm32f0xx_hal_cortex.o(i.HAL_SYSTICK_Config) for HAL_SYSTICK_Config
    main.o(i.SystemClock_Config) refers to stm32f0xx_hal_cortex.o(i.HAL_SYSTICK_CLKSourceConfig) for HAL_SYSTICK_CLKSourceConfig
    main.o(i.SystemClock_Config) refers to stm32f0xx_hal_cortex.o(i.HAL_NVIC_SetPriority) for HAL_NVIC_SetPriority
    main.o(i.main) refers to stm32f0xx_hal.o(i.HAL_Init) for HAL_Init
    main.o(i.main) refers to main.o(i.SystemClock_Config) for SystemClock_Config
    main.o(i.main) refers to main.o(i.MX_SPI1_Init) for MX_SPI1_Init
    main.o(i.main) refers to main.o(i.MX_I2C1_Init) for MX_I2C1_Init
    main.o(i.main) refers to main.o(i.MX_USART1_UART_Init) for MX_USART1_UART_Init
    main.o(i.main) refers to debugprobe.o(i.BSP_DebugProbe_Init) for BSP_DebugProbe_Init
    main.o(i.main) refers to main.o(i.MX_NVIC_Init) for MX_NVIC_Init
[...]
    Removing stm32f0xx_hal_flash_ex.o(i.FLASH_PageErase), (36 bytes).
    Removing stm32f0xx_hal_flash_ex.o(i.HAL_FLASHEx_Erase), (160 bytes).
    Removing stm32f0xx_hal_flash_ex.o(i.HAL_FLASHEx_Erase_IT), (88 bytes).
    Removing stm32f0xx_hal_flash_ex.o(i.HAL_FLASHEx_OBErase), (80 bytes).
    Removing stm32f0xx_hal_flash_ex.o(i.HAL_FLASHEx_OBGetConfig), (36 bytes).
    Removing stm32f0xx_hal_flash_ex.o(i.HAL_FLASHEx_OBGetUserData), (28 bytes).
    Removing stm32f0xx_hal_flash_ex.o(i.HAL_FLASHEx_OBProgram), (204 bytes).
    Removing stm32f0xx_hal_tim.o(.rev16_text), (4 bytes).
    Removing stm32f0xx_hal_tim.o(.revsh_text), (4 bytes).
    Removing stm32f0xx_hal_tim.o(i.HAL_TIM_Base_DeInit), (52 bytes).
    Removing stm32f0xx_hal_tim.o(i.HAL_TIM_Base_GetState), (6 bytes).
    Removing stm32f0xx_hal_tim.o(i.HAL_TIM_Base_Init), (52 bytes).
    Removing stm32f0xx_hal_tim.o(i.HAL_TIM_Base_MspDeInit), (2 bytes).
    Removing stm32f0xx_hal_tim.o(i.HAL_TIM_Base_MspInit), (2 bytes).
    Removing stm32f0xx_hal_tim.o(i.HAL_TIM_Base_Start), (24 bytes).
    Removing stm32f0xx_hal_tim.o(i.HAL_TIM_Base_Start_DMA), (100 bytes).
    Removing stm32f0xx_hal_tim.o(i.HAL_TIM_Base_Start_IT), (22 bytes).
    Removing stm32f0xx_hal_tim.o(i.HAL_TIM_Base_Stop), (48 bytes).
    Removing stm32f0xx_hal_tim.o(i.HAL_TIM_Base_Stop_DMA), (52 bytes).
    Removing stm32f0xx_hal_tim.o(i.HAL_TIM_Base_Stop_IT), (44 bytes).
    Removing stm32f0xx_hal_tim.o(i.HAL_TIM_ConfigClockSource), (238 bytes).
    Removing stm32f0xx_hal_tim.o(i.HAL_TIM_ConfigOCrefClear), (188 bytes).
    Removing stm32f0xx_hal_tim.o(i.HAL_TIM_ConfigTI1Input), (16 bytes).
    Removing stm32f0xx_hal_tim.o(i.HAL_TIM_DMABurst_MultiReadStart), (264 bytes).
    Removing stm32f0xx_hal_tim.o(i.HAL_TIM_DMABurst_MultiWriteStart), (264 bytes).
    Removing stm32f0xx_hal_tim.o(i.HAL_TIM_DMABurst_ReadStart), (18 bytes).
    Removing stm32f0xx_hal_tim.o(i.HAL_TIM_DMABurst_ReadStop), (100 bytes).
    Removing stm32f0xx_hal_tim.o(i.HAL_TIM_DMABurst_WriteStart), (18 bytes).
    Removing stm32f0xx_hal_tim.o(i.HAL_TIM_DMABurst_WriteStop), (100 bytes).
    Removing stm32f0xx_hal_tim.o(i.HAL_TIM_Encoder_DeInit), (52 bytes).
    Removing stm32f0xx_hal_tim.o(i.HAL_TIM_Encoder_GetState), (6 bytes).
    Removing stm32f0xx_hal_tim.o(i.HAL_TIM_Encoder_Init), (152 bytes).
    Removing stm32f0xx_hal_tim.o(i.HAL_TIM_Encoder_MspDeInit), (2 bytes).
    Removing stm32f0xx_hal_tim.o(i.HAL_TIM_Encoder_MspInit), (2 bytes).
    Removing stm32f0xx_hal_tim.o(i.HAL_TIM_Encoder_Start), (52 bytes).
    Removing stm32f0xx_hal_tim.o(i.HAL_TIM_Encoder_Start_DMA), (284 bytes).
    Removing stm32f0xx_hal_tim.o(i.HAL_TIM_Encoder_Start_IT), (92 bytes).
    Removing stm32f0xx_hal_tim.o(i.HAL_TIM_Encoder_Stop), (72 bytes).
    Removing stm32f0xx_hal_tim.o(i.HAL_TIM_Encoder_Stop_DMA), (120 bytes).
    Removing stm32f0xx_hal_tim.o(i.HAL_TIM_Encoder_Stop_IT), (120 bytes).
    Removing stm32f0xx_hal_tim.o(i.HAL_TIM_ErrorCallback), (2 bytes).
    Removing stm32f0xx_hal_tim.o(i.HAL_TIM_GenerateEvent), (36 bytes).
    Removing stm32f0xx_hal_tim.o(i.HAL_TIM_IC_CaptureCallback), (2 bytes).
    Removing stm32f0xx_hal_tim.o(i.HAL_TIM_IC_ConfigChannel), (288 bytes).
    Removing stm32f0xx_hal_tim.o(i.HAL_TIM_IC_DeInit), (52 bytes).
    Removing stm32f0xx_hal_tim.o(i.HAL_TIM_IC_GetState), (6 bytes).
    Removing stm32f0xx_hal_tim.o(i.HAL_TIM_IC_Init), (52 bytes).
    Removing stm32f0xx_hal_tim.o(i.HAL_TIM_IC_MspDeInit), (2 bytes).
    Removing stm32f0xx_hal_tim.o(i.HAL_TIM_IC_MspInit), (2 bytes).
    Removing stm32f0xx_hal_tim.o(i.HAL_TIM_IC_Start), (26 bytes).
    Removing stm32f0xx_hal_tim.o(i.HAL_TIM_IC_Start_DMA), (212 bytes).
    Removing stm32f0xx_hal_tim.o(i.HAL_TIM_IC_Start_IT), (72 bytes).
    Removing stm32f0xx_hal_tim.o(i.HAL_TIM_IC_Stop), (48 bytes).
    Removing stm32f0xx_hal_tim.o(i.HAL_TIM_IC_Stop_DMA), (108 bytes).
    Removing stm32f0xx_hal_tim.o(i.HAL_TIM_IC_Stop_IT), (92 bytes).
    Removing stm32f0xx_hal_tim.o(i.HAL_TIM_IRQHandler), (354 bytes).
    Removing stm32f0xx_hal_tim.o(i.HAL_TIM_OC_ConfigChannel), (80 bytes).
    Removing stm32f0xx_hal_tim.o(i.HAL_TIM_OC_DeInit), (52 bytes).
    Removing stm32f0xx_hal_tim.o(i.HAL_TIM_OC_DelayElapsedCallback), (2 bytes).
    Removing stm32f0xx_hal_tim.o(i.HAL_TIM_OC_GetState), (6 bytes).
    Removing stm32f0xx_hal_tim.o(i.HAL_TIM_OC_Init), (52 bytes).
    Removing stm32f0xx_hal_tim.o(i.HAL_TIM_OC_MspDeInit), (2 bytes).
    Removing stm32f0xx_hal_tim.o(i.HAL_TIM_OC_MspInit), (2 bytes).
    Removing stm32f0xx_hal_tim.o(i.HAL_TIM_OC_Start), (80 bytes).
    Removing stm32f0xx_hal_tim.o(i.HAL_TIM_OC_Start_DMA), (272 bytes).
    Removing stm32f0xx_hal_tim.o(i.HAL_TIM_OC_Start_IT), (124 bytes).
    Removing stm32f0xx_hal_tim.o(i.HAL_TIM_OC_Stop), (112 bytes).
    Removing stm32f0xx_hal_tim.o(i.HAL_TIM_OC_Stop_DMA), (172 bytes).
    Removing stm32f0xx_hal_tim.o(i.HAL_TIM_OC_Stop_IT), (156 bytes).
    Removing stm32f0xx_hal_tim.o(i.HAL_TIM_OnePulse_ConfigChannel), (214 bytes).
    Removing stm32f0xx_hal_tim.o(i.HAL_TIM_OnePulse_DeInit), (52 bytes).
    Removing stm32f0xx_hal_tim.o(i.HAL_TIM_OnePulse_GetState), (6 bytes).
    Removing stm32f0xx_hal_tim.o(i.HAL_TIM_OnePulse_Init), (72 bytes).
    Removing stm32f0xx_hal_tim.o(i.HAL_TIM_OnePulse_MspDeInit), (2 bytes).
    Removing stm32f0xx_hal_tim.o(i.HAL_TIM_OnePulse_MspInit), (2 bytes).
    Removing stm32f0xx_hal_tim.o(i.HAL_TIM_OnePulse_Start), (80 bytes).
    Removing stm32f0xx_hal_tim.o(i.HAL_TIM_OnePulse_Start_IT), (100 bytes).
    Removing stm32f0xx_hal_tim.o(i.HAL_TIM_OnePulse_Stop), (124 bytes).
    Removing stm32f0xx_hal_tim.o(i.HAL_TIM_OnePulse_Stop_IT), (144 bytes).
    Removing stm32f0xx_hal_tim.o(i.HAL_TIM_PWM_ConfigChannel), (208 bytes).
    Removing stm32f0xx_hal_tim.o(i.HAL_TIM_PWM_DeInit), (52 bytes).
    Removing stm32f0xx_hal_tim.o(i.HAL_TIM_PWM_GetState), (6 bytes).
    Removing stm32f0xx_hal_tim.o(i.HAL_TIM_PWM_Init), (52 bytes).
    Removing stm32f0xx_hal_tim.o(i.HAL_TIM_PWM_MspDeInit), (2 bytes).
    Removing stm32f0xx_hal_tim.o(i.HAL_TIM_PWM_MspInit), (2 bytes).
    Removing stm32f0xx_hal_tim.o(i.HAL_TIM_PWM_PulseFinishedCallback), (2 bytes).
    Removing stm32f0xx_hal_tim.o(i.HAL_TIM_PWM_Start), (80 bytes).
    Removing stm32f0xx_hal_tim.o(i.HAL_TIM_PWM_Start_DMA), (272 bytes).
    Removing stm32f0xx_hal_tim.o(i.HAL_TIM_PWM_Start_IT), (124 bytes).
    Removing stm32f0xx_hal_tim.o(i.HAL_TIM_PWM_Stop), (116 bytes).
    Removing stm32f0xx_hal_tim.o(i.HAL_TIM_PWM_Stop_DMA), (172 bytes).
    Removing stm32f0xx_hal_tim.o(i.HAL_TIM_PWM_Stop_IT), (156 bytes).
    Removing stm32f0xx_hal_tim.o(i.HAL_TIM_PeriodElapsedCallback), (2 bytes).
    Removing stm32f0xx_hal_tim.o(i.HAL_TIM_ReadCapturedValue), (70 bytes).
    Removing stm32f0xx_hal_tim.o(i.HAL_TIM_SlaveConfigSynchronization), (60 bytes).
    Removing stm32f0xx_hal_tim.o(i.HAL_TIM_SlaveConfigSynchronization_IT), (60 bytes).
    Removing stm32f0xx_hal_tim.o(i.HAL_TIM_TriggerCallback), (2 bytes).
    Removing stm32f0xx_hal_tim.o(i.TIM_Base_SetConfig), (136 bytes).
    Removing stm32f0xx_hal_tim.o(i.TIM_CCxChannelCmd), (22 bytes).
    Removing stm32f0xx_hal_tim.o(i.TIM_DMACaptureCplt), (62 bytes).
    Removing stm32f0xx_hal_tim.o(i.TIM_DMADelayPulseCplt), (62 bytes).
    Removing stm32f0xx_hal_tim.o(i.TIM_DMAError), (16 bytes).
    Removing stm32f0xx_hal_tim.o(i.TIM_DMAPeriodElapsedCplt), (16 bytes).
    Removing stm32f0xx_hal_tim.o(i.TIM_DMATriggerCplt), (16 bytes).
    Removing stm32f0xx_hal_tim.o(i.TIM_ETR_SetConfig), (22 bytes).
    Removing stm32f0xx_hal_tim.o(i.TIM_ITRx_SetConfig), (16 bytes).
    Removing stm32f0xx_hal_tim.o(i.TIM_OC1_SetConfig), (136 bytes).
    Removing stm32f0xx_hal_tim.o(i.TIM_OC2_SetConfig), (128 bytes).
    Removing stm32f0xx_hal_tim.o(i.TIM_OC3_SetConfig), (132 bytes).
    Removing stm32f0xx_hal_tim.o(i.TIM_OC4_SetConfig), (108 bytes).
    Removing stm32f0xx_hal_tim.o(i.TIM_SlaveTimer_SetConfig), (122 bytes).
    Removing stm32f0xx_hal_tim.o(i.TIM_TI1_ConfigInputStage), (34 bytes).
    Removing stm32f0xx_hal_tim.o(i.TIM_TI1_SetConfig), (80 bytes).
    Removing stm32f0xx_hal_tim.o(i.TIM_TI2_ConfigInputStage), (38 bytes).
    Removing stm32f0xx_hal_tim.o(i.TIM_TI2_SetConfig), (52 bytes).
    Removing stm32f0xx_hal_rcc_ex.o(.rev16_text), (4 bytes).
    Removing stm32f0xx_hal_rcc_ex.o(.revsh_text), (4 bytes).
    Removing stm32f0xx_hal_rcc_ex.o(i.HAL_RCCEx_GetPeriphCLKConfig), (44 bytes).
    Removing stm32f0xx_hal_rcc_ex.o(i.HAL_RCCEx_GetPeriphCLKFreq), (156 bytes).
    Removing stm32f0xx_hal_rcc_ex.o(i.HAL_RCCEx_PeriphCLKConfig), (232 bytes).
    Removing stm32f0xx_hal_i2c.o(.rev16_text), (4 bytes).
    Removing stm32f0xx_hal_i2c.o(.revsh_text), (4 bytes).
    Removing stm32f0xx_hal_i2c.o(i.HAL_I2C_AbortCpltCallback), (2 bytes).
    Removing stm32f0xx_hal_i2c.o(i.HAL_I2C_AddrCallback), (2 bytes).
    Removing stm32f0xx_hal_i2c.o(i.HAL_I2C_DeInit), (52 bytes).
    Removing stm32f0xx_hal_i2c.o(i.HAL_I2C_DisableListen_IT), (48 bytes).
    Removing stm32f0xx_hal_i2c.o(i.HAL_I2C_ER_IRQHandler), (88 bytes).
    Removing stm32f0xx_hal_i2c.o(i.HAL_I2C_EV_IRQHandler), (16 bytes).
    Removing stm32f0xx_hal_i2c.o(i.HAL_I2C_EnableListen_IT), (40 bytes).
    Removing stm32f0xx_hal_i2c.o(i.HAL_I2C_ErrorCallback), (2 bytes).
    Removing stm32f0xx_hal_i2c.o(i.HAL_I2C_GetError), (4 bytes).
    Removing stm32f0xx_hal_i2c.o(i.HAL_I2C_GetMode), (6 bytes).
    Removing stm32f0xx_hal_i2c.o(i.HAL_I2C_GetState), (6 bytes).
    Removing stm32f0xx_hal_i2c.o(i.HAL_I2C_IsDeviceReady), (284 bytes).
    Removing stm32f0xx_hal_i2c.o(i.HAL_I2C_ListenCpltCallback), (2 bytes).
    Removing stm32f0xx_hal_i2c.o(i.HAL_I2C_MasterRxCpltCallback), (2 bytes).
    Removing stm32f0xx_hal_i2c.o(i.HAL_I2C_MasterTxCpltCallback), (2 bytes).
    Removing stm32f0xx_hal_i2c.o(i.HAL_I2C_Master_Abort_IT), (88 bytes).
    Removing stm32f0xx_hal_i2c.o(i.HAL_I2C_Master_Receive), (280 bytes).
    Removing stm32f0xx_hal_i2c.o(i.HAL_I2C_Master_Receive_DMA), (236 bytes).
    Removing stm32f0xx_hal_i2c.o(i.HAL_I2C_Master_Receive_IT), (124 bytes).
    Removing stm32f0xx_hal_i2c.o(i.HAL_I2C_Master_Sequential_Receive_IT), (116 bytes).
    Removing stm32f0xx_hal_i2c.o(i.HAL_I2C_Master_Sequential_Transmit_IT), (116 bytes).
    Removing stm32f0xx_hal_i2c.o(i.HAL_I2C_Master_Transmit), (280 bytes).
    Removing stm32f0xx_hal_i2c.o(i.HAL_I2C_Master_Transmit_DMA), (240 bytes).
    Removing stm32f0xx_hal_i2c.o(i.HAL_I2C_Master_Transmit_IT), (124 bytes).
    Removing stm32f0xx_hal_i2c.o(i.HAL_I2C_MemRxCpltCallback), (2 bytes).
    Removing stm32f0xx_hal_i2c.o(i.HAL_I2C_MemTxCpltCallback), (2 bytes).
    Removing stm32f0xx_hal_i2c.o(i.HAL_I2C_Mem_Read), (344 bytes).
    Removing stm32f0xx_hal_i2c.o(i.HAL_I2C_Mem_Read_DMA), (248 bytes).
    Removing stm32f0xx_hal_i2c.o(i.HAL_I2C_Mem_Read_IT), (188 bytes).
    Removing stm32f0xx_hal_i2c.o(i.HAL_I2C_Mem_Write), (340 bytes).
    Removing stm32f0xx_hal_i2c.o(i.HAL_I2C_Mem_Write_DMA), (244 bytes).
    Removing stm32f0xx_hal_i2c.o(i.HAL_I2C_Mem_Write_IT), (184 bytes).
    Removing stm32f0xx_hal_i2c.o(i.HAL_I2C_MspDeInit), (2 bytes).
    Removing stm32f0xx_hal_i2c.o(i.HAL_I2C_MspInit), (2 bytes).
    Removing stm32f0xx_hal_i2c.o(i.HAL_I2C_SlaveRxCpltCallback), (2 bytes).
    Removing stm32f0xx_hal_i2c.o(i.HAL_I2C_SlaveTxCpltCallback), (2 bytes).
    Removing stm32f0xx_hal_i2c.o(i.HAL_I2C_Slave_Receive), (292 bytes).
    Removing stm32f0xx_hal_i2c.o(i.HAL_I2C_Slave_Receive_DMA), (156 bytes).
    Removing stm32f0xx_hal_i2c.o(i.HAL_I2C_Slave_Receive_IT), (88 bytes).
    Removing stm32f0xx_hal_i2c.o(i.HAL_I2C_Slave_Sequential_Receive_IT), (144 bytes).
    Removing stm32f0xx_hal_i2c.o(i.HAL_I2C_Slave_Sequential_Transmit_IT), (144 bytes).
    Removing stm32f0xx_hal_i2c.o(i.HAL_I2C_Slave_Transmit), (300 bytes).
    Removing stm32f0xx_hal_i2c.o(i.HAL_I2C_Slave_Transmit_DMA), (156 bytes).
    Removing stm32f0xx_hal_i2c.o(i.HAL_I2C_Slave_Transmit_IT), (88 bytes).
    Removing stm32f0xx_hal_i2c.o(i.I2C_DMAAbort), (52 bytes).
    Removing stm32f0xx_hal_i2c.o(i.I2C_DMAError), (24 bytes).
    Removing stm32f0xx_hal_i2c.o(i.I2C_DMAMasterReceiveCplt), (68 bytes).
    Removing stm32f0xx_hal_i2c.o(i.I2C_DMAMasterTransmitCplt), (68 bytes).
    Removing stm32f0xx_hal_i2c.o(i.I2C_DMASlaveReceiveCplt), (2 bytes).
    Removing stm32f0xx_hal_i2c.o(i.I2C_DMASlaveTransmitCplt), (2 bytes).
    Removing stm32f0xx_hal_i2c.o(i.I2C_Disable_IRQ), (86 bytes).
    Removing stm32f0xx_hal_i2c.o(i.I2C_Enable_IRQ), (100 bytes).
    Removing stm32f0xx_hal_i2c.o(i.I2C_Flush_TXDR), (34 bytes).
    Removing stm32f0xx_hal_i2c.o(i.I2C_ITAddrCplt), (122 bytes).
    Removing stm32f0xx_hal_i2c.o(i.I2C_ITError), (204 bytes).
    Removing stm32f0xx_hal_i2c.o(i.I2C_ITListenCplt), (96 bytes).
    Removing stm32f0xx_hal_i2c.o(i.I2C_ITMasterCplt), (160 bytes).
    Removing stm32f0xx_hal_i2c.o(i.I2C_ITMasterSequentialCplt), (70 bytes).
    Removing stm32f0xx_hal_i2c.o(i.I2C_ITSlaveCplt), (232 bytes).
    Removing stm32f0xx_hal_i2c.o(i.I2C_ITSlaveSequentialCplt), (74 bytes).
    Removing stm32f0xx_hal_i2c.o(i.I2C_IsAcknowledgeFailed), (116 bytes).
    Removing stm32f0xx_hal_i2c.o(i.I2C_Master_ISR_DMA), (194 bytes).
    Removing stm32f0xx_hal_i2c.o(i.I2C_Master_ISR_IT), (296 bytes).
    Removing stm32f0xx_hal_i2c.o(i.I2C_RequestMemoryRead), (106 bytes).
    Removing stm32f0xx_hal_i2c.o(i.I2C_RequestMemoryWrite), (106 bytes).
    Removing stm32f0xx_hal_i2c.o(i.I2C_Slave_ISR_DMA), (104 bytes).
    Removing stm32f0xx_hal_i2c.o(i.I2C_Slave_ISR_IT), (280 bytes).
    Removing stm32f0xx_hal_i2c.o(i.I2C_TransferConfig), (36 bytes).
    Removing stm32f0xx_hal_i2c.o(i.I2C_WaitOnFlagUntilTimeout), (72 bytes).
    Removing stm32f0xx_hal_i2c.o(i.I2C_WaitOnRXNEFlagUntilTimeout), (120 bytes).
    Removing stm32f0xx_hal_i2c.o(i.I2C_WaitOnSTOPFlagUntilTimeout), (78 bytes).
    Removing stm32f0xx_hal_i2c.o(i.I2C_WaitOnTXISFlagUntilTimeout), (82 bytes).
    Removing stm32f0xx_hal_spi.o(.rev16_text), (4 bytes).
    Removing stm32f0xx_hal_spi.o(.revsh_text), (4 bytes).
    Removing stm32f0xx_hal_spi.o(i.HAL_SPI_Abort), (360 bytes).
    Removing stm32f0xx_hal_spi.o(i.HAL_SPI_AbortCpltCallback), (2 bytes).
    Removing stm32f0xx_hal_spi.o(i.HAL_SPI_Abort_IT), (372 bytes).
    Removing stm32f0xx_hal_spi.o(i.HAL_SPI_DMAPause), (34 bytes).
    Removing stm32f0xx_hal_spi.o(i.HAL_SPI_DMAResume), (34 bytes).
    Removing stm32f0xx_hal_spi.o(i.HAL_SPI_DMAStop), (44 bytes).
    Removing stm32f0xx_hal_spi.o(i.HAL_SPI_DeInit), (48 bytes).
    Removing stm32f0xx_hal_spi.o(i.HAL_SPI_ErrorCallback), (2 bytes).
    Removing stm32f0xx_hal_spi.o(i.HAL_SPI_GetError), (4 bytes).
    Removing stm32f0xx_hal_spi.o(i.HAL_SPI_GetState), (6 bytes).
    Removing stm32f0xx_hal_spi.o(i.HAL_SPI_IRQHandler), (212 bytes).
    Removing stm32f0xx_hal_spi.o(i.HAL_SPI_MspDeInit), (2 bytes).
    Removing stm32f0xx_hal_spi.o(i.HAL_SPI_MspInit), (2 bytes).
    Removing stm32f0xx_hal_spi.o(i.HAL_SPI_Receive), (344 bytes).
    Removing stm32f0xx_hal_spi.o(i.HAL_SPI_Receive_DMA), (316 bytes).
    Removing stm32f0xx_hal_spi.o(i.HAL_SPI_Receive_IT), (188 bytes).
    Removing stm32f0xx_hal_spi.o(i.HAL_SPI_RxCpltCallback), (2 bytes).
    Removing stm32f0xx_hal_spi.o(i.HAL_SPI_RxHalfCpltCallback), (2 bytes).
    Removing stm32f0xx_hal_spi.o(i.HAL_SPI_Transmit), (368 bytes).
    Removing stm32f0xx_hal_spi.o(i.HAL_SPI_TransmitReceive), (584 bytes).
    Removing stm32f0xx_hal_spi.o(i.HAL_SPI_TransmitReceive_DMA), (432 bytes).
    Removing stm32f0xx_hal_spi.o(i.HAL_SPI_TransmitReceive_IT), (212 bytes).
    Removing stm32f0xx_hal_spi.o(i.HAL_SPI_Transmit_DMA), (244 bytes).
    Removing stm32f0xx_hal_spi.o(i.HAL_SPI_Transmit_IT), (148 bytes).
    Removing stm32f0xx_hal_spi.o(i.HAL_SPI_TxCpltCallback), (2 bytes).
    Removing stm32f0xx_hal_spi.o(i.HAL_SPI_TxHalfCpltCallback), (2 bytes).
    Removing stm32f0xx_hal_spi.o(i.HAL_SPI_TxRxCpltCallback), (2 bytes).
    Removing stm32f0xx_hal_spi.o(i.HAL_SPI_TxRxHalfCpltCallback), (2 bytes).
    Removing stm32f0xx_hal_spi.o(i.SPI_2linesRxISR_16BIT), (54 bytes).
    Removing stm32f0xx_hal_spi.o(i.SPI_2linesRxISR_8BIT), (94 bytes).
    Removing stm32f0xx_hal_spi.o(i.SPI_2linesTxISR_16BIT), (52 bytes).
    Removing stm32f0xx_hal_spi.o(i.SPI_2linesTxISR_8BIT), (72 bytes).
    Removing stm32f0xx_hal_spi.o(i.SPI_AbortRx_ISR), (132 bytes).
    Removing stm32f0xx_hal_spi.o(i.SPI_AbortTx_ISR), (128 bytes).
    Removing stm32f0xx_hal_spi.o(i.SPI_CloseRxTx_ISR), (82 bytes).
    Removing stm32f0xx_hal_spi.o(i.SPI_CloseRx_ISR), (66 bytes).
    Removing stm32f0xx_hal_spi.o(i.SPI_CloseTx_ISR), (80 bytes).
    Removing stm32f0xx_hal_spi.o(i.SPI_DMAAbortOnError), (18 bytes).
    Removing stm32f0xx_hal_spi.o(i.SPI_DMAError), (34 bytes).
    Removing stm32f0xx_hal_spi.o(i.SPI_DMAHalfReceiveCplt), (10 bytes).
    Removing stm32f0xx_hal_spi.o(i.SPI_DMAHalfTransmitCplt), (10 bytes).
    Removing stm32f0xx_hal_spi.o(i.SPI_DMAHalfTransmitReceiveCplt), (10 bytes).
    Removing stm32f0xx_hal_spi.o(i.SPI_DMAReceiveCplt), (88 bytes).
    Removing stm32f0xx_hal_spi.o(i.SPI_DMARxAbortCallback), (134 bytes).
    Removing stm32f0xx_hal_spi.o(i.SPI_DMATransmitCplt), (104 bytes).
    Removing stm32f0xx_hal_spi.o(i.SPI_DMATransmitReceiveCplt), (94 bytes).
    Removing stm32f0xx_hal_spi.o(i.SPI_DMATxAbortCallback), (128 bytes).
    Removing stm32f0xx_hal_spi.o(i.SPI_EndRxTransaction), (120 bytes).
    Removing stm32f0xx_hal_spi.o(i.SPI_EndRxTxTransaction), (76 bytes).
    Removing stm32f0xx_hal_spi.o(i.SPI_RxISR_16BIT), (38 bytes).
    Removing stm32f0xx_hal_spi.o(i.SPI_RxISR_8BIT), (36 bytes).
    Removing stm32f0xx_hal_spi.o(i.SPI_TxISR_16BIT), (34 bytes).
    Removing stm32f0xx_hal_spi.o(i.SPI_TxISR_8BIT), (32 bytes).
    Removing stm32f0xx_hal_spi.o(i.SPI_WaitFifoStateUntilTimeout), (150 bytes).
    Removing stm32f0xx_hal_spi.o(i.SPI_WaitFlagStateUntilTimeout), (140 bytes).
    Removing stm32f0xx_hal_spi_ex.o(.rev16_text), (4 bytes).
    Removing stm32f0xx_hal_spi_ex.o(.revsh_text), (4 bytes).
    Removing stm32f0xx_hal_spi_ex.o(i.HAL_SPIEx_FlushRxFifo), (36 bytes).
    Removing stm32f0xx_hal_iwdg.o(.rev16_text), (4 bytes).
    Removing stm32f0xx_hal_iwdg.o(.revsh_text), (4 bytes).
    Removing stm32f0xx_hal_iwdg.o(i.HAL_IWDG_Init), (100 bytes).
    Removing stm32f0xx_hal_iwdg.o(i.HAL_IWDG_Refresh), (16 bytes).
    Removing debugprobe.o(.rev16_text), (4 bytes).
    Removing debugprobe.o(.revsh_text), (4 bytes).
    Removing debugprobe.o(i.BSP_DebugProbe_GetChar), (32 bytes).
    Removing debugprobe.o(i.BSP_DebugProbe_GetHandleTypeDef), (8 bytes).
    Removing debugprobe.o(i.BSP_DebugProbe_PutArray), (20 bytes).
    Removing debugprobe.o(i.BSP_DebugProbe_PutString), (32 bytes).
    Removing debugprobe.o(i.BSP_DebugProbe_SendChar), (24 bytes).
    Removing debugprobe.o(i.aLeaveOutLog), (4 bytes).
    Removing debugprobe.o(i.fgetc), (12 bytes).
    Removing debugprobe.o(i.getkey), (32 bytes).
    Removing debugprobe.o(.data), (4 bytes).
    Removing debugprobe.o(.data), (4 bytes).
    Removing adxl345.o(.rev16_text), (4 bytes).
    Removing adxl345.o(.revsh_text), (4 bytes).
    Removing adxl345.o(i.ADXL345_AcclConfig), (18 bytes).
    Removing adxl345.o(i.ADXL345_AcclGetActivity), (12 bytes).
    Removing adxl345.o(i.ADXL345_AcclGetPitch), (12 bytes).
    Removing adxl345.o(i.ADXL345_AcclGetRoll), (12 bytes).
    Removing adxl345.o(i.ADXL345_ActivityINT), (20 bytes).
    Removing adxl345.o(i.ADXL345_FreeFallINT), (20 bytes).
    Removing adxl345.o(i.ADXL345_InactivityINT), (20 bytes).
    Removing adxl345.o(i.ADXL345_constrain), (16 bytes).
    Removing adxl345.o(i.ADXL345_doubleTapINT), (20 bytes).
    Removing adxl345.o(i.ADXL345_getActivityThreshold), (20 bytes).
    Removing adxl345.o(i.ADXL345_getAxisGains), (28 bytes).
    Removing adxl345.o(i.ADXL345_getAxisOffset), (64 bytes).
    Removing adxl345.o(i.ADXL345_getDoubleTapLatency), (20 bytes).
    Removing adxl345.o(i.ADXL345_getDoubleTapWindow), (20 bytes).
    Removing adxl345.o(i.ADXL345_getFreeFallDuration), (20 bytes).
    Removing adxl345.o(i.ADXL345_getFreeFallThreshold), (20 bytes).
    Removing adxl345.o(i.ADXL345_getFullResBit), (12 bytes).
    Removing adxl345.o(i.ADXL345_getInactivityThreshold), (20 bytes).
    Removing adxl345.o(i.ADXL345_getInterfaceState), (12 bytes).
    Removing adxl345.o(i.ADXL345_getInterruptLevelBit), (12 bytes).
    Removing adxl345.o(i.ADXL345_getInterruptMapping), (12 bytes).
    Removing adxl345.o(i.ADXL345_getInterruptSource), (20 bytes).
    Removing adxl345.o(i.ADXL345_getInterruptSourceWithInt), (12 bytes).
    Removing adxl345.o(i.ADXL345_getJustifyBit), (12 bytes).
    Removing adxl345.o(i.ADXL345_getRangeSetting), (20 bytes).
    Removing adxl345.o(i.ADXL345_getRate), (56 bytes).
    Removing adxl345.o(i.ADXL345_getRegisterBit), (26 bytes).
    Removing adxl345.o(i.ADXL345_getSelfTestBit), (12 bytes).
    Removing adxl345.o(i.ADXL345_getSpiBit), (12 bytes).
    Removing adxl345.o(i.ADXL345_getSuppressBit), (12 bytes).
    Removing adxl345.o(i.ADXL345_getTapDuration), (20 bytes).
    Removing adxl345.o(i.ADXL345_getTapThreshold), (20 bytes).
    Removing adxl345.o(i.ADXL345_getTimeInactivity), (20 bytes).
    Removing adxl345.o(i.ADXL345_get_Gxyz), (52 bytes).
    Removing adxl345.o(i.ADXL345_get_bw_code), (20 bytes).
    Removing adxl345.o(i.ADXL345_isActivityAc), (12 bytes).
    Removing adxl345.o(i.ADXL345_isActivitySourceOnX), (12 bytes).
    Removing adxl345.o(i.ADXL345_isActivitySourceOnY), (12 bytes).
    Removing adxl345.o(i.ADXL345_isActivitySourceOnZ), (12 bytes).
    Removing adxl345.o(i.ADXL345_isActivityXEnabled), (12 bytes).
    Removing adxl345.o(i.ADXL345_isActivityYEnabled), (12 bytes).
    Removing adxl345.o(i.ADXL345_isActivityZEnabled), (12 bytes).
    Removing adxl345.o(i.ADXL345_isAsleep), (12 bytes).
    Removing adxl345.o(i.ADXL345_isInactivityAc), (12 bytes).
    Removing adxl345.o(i.ADXL345_isInactivityXEnabled), (12 bytes).
    Removing adxl345.o(i.ADXL345_isInactivityYEnabled), (12 bytes).
    Removing adxl345.o(i.ADXL345_isInactivityZEnabled), (12 bytes).
    Removing adxl345.o(i.ADXL345_isInterruptEnabled), (12 bytes).
    Removing adxl345.o(i.ADXL345_isLowPower), (12 bytes).
    Removing adxl345.o(i.ADXL345_isTapDetectionOnX), (12 bytes).
    Removing adxl345.o(i.ADXL345_isTapDetectionOnY), (12 bytes).
    Removing adxl345.o(i.ADXL345_isTapDetectionOnZ), (12 bytes).
    Removing adxl345.o(i.ADXL345_isTapSourceOnX), (12 bytes).
    Removing adxl345.o(i.ADXL345_isTapSourceOnY), (12 bytes).
    Removing adxl345.o(i.ADXL345_isTapSourceOnZ), (12 bytes).
    Removing adxl345.o(i.ADXL345_printAllRegister), (308 bytes).
    Removing adxl345.o(i.ADXL345_readAccelAll), (14 bytes).
    Removing adxl345.o(i.ADXL345_readFromI2C), (48 bytes).
    Removing adxl345.o(i.ADXL345_setActivityAc), (14 bytes).
    Removing adxl345.o(i.ADXL345_setActivityThreshold), (20 bytes).
    Removing adxl345.o(i.ADXL345_setActivityX), (14 bytes).
    Removing adxl345.o(i.ADXL345_setActivityXYZ), (24 bytes).
    Removing adxl345.o(i.ADXL345_setActivityY), (14 bytes).
    Removing adxl345.o(i.ADXL345_setActivityZ), (14 bytes).
    Removing adxl345.o(i.ADXL345_setAxisGains), (28 bytes).
    Removing adxl345.o(i.ADXL345_setAxisOffset), (32 bytes).
    Removing adxl345.o(i.ADXL345_setDoubleTapLatency), (12 bytes).
    Removing adxl345.o(i.ADXL345_setDoubleTapWindow), (20 bytes).
    Removing adxl345.o(i.ADXL345_setFreeFallDuration), (20 bytes).
    Removing adxl345.o(i.ADXL345_setFreeFallThreshold), (20 bytes).
    Removing adxl345.o(i.ADXL345_setFullResBit), (14 bytes).
    Removing adxl345.o(i.ADXL345_setImportantInterruptMapping), (120 bytes).
    Removing adxl345.o(i.ADXL345_setInactivityAc), (14 bytes).
    Removing adxl345.o(i.ADXL345_setInactivityThreshold), (20 bytes).
    Removing adxl345.o(i.ADXL345_setInactivityX), (14 bytes).
    Removing adxl345.o(i.ADXL345_setInactivityXYZ), (24 bytes).
    Removing adxl345.o(i.ADXL345_setInactivityY), (14 bytes).
    Removing adxl345.o(i.ADXL345_setInactivityZ), (14 bytes).
    Removing adxl345.o(i.ADXL345_setInterfaceState), (12 bytes).
    Removing adxl345.o(i.ADXL345_setInterrupt), (14 bytes).
    Removing adxl345.o(i.ADXL345_setInterruptLevelBit), (14 bytes).
    Removing adxl345.o(i.ADXL345_setInterruptMapping), (14 bytes).
    Removing adxl345.o(i.ADXL345_setJustifyBit), (14 bytes).
    Removing adxl345.o(i.ADXL345_setLowPower), (14 bytes).
    Removing adxl345.o(i.ADXL345_setRangeSetting), (62 bytes).
    Removing adxl345.o(i.ADXL345_setRate), (64 bytes).
    Removing adxl345.o(i.ADXL345_setRegisterBit), (58 bytes).
    Removing adxl345.o(i.ADXL345_setSelfTestBit), (14 bytes).
    Removing adxl345.o(i.ADXL345_setSpiBit), (14 bytes).
    Removing adxl345.o(i.ADXL345_setSuppressBit), (14 bytes).
    Removing adxl345.o(i.ADXL345_setTapDetectionOnX), (14 bytes).
    Removing adxl345.o(i.ADXL345_setTapDetectionOnXYZ), (24 bytes).
    Removing adxl345.o(i.ADXL345_setTapDetectionOnY), (14 bytes).
    Removing adxl345.o(i.ADXL345_setTapDetectionOnZ), (14 bytes).
    Removing adxl345.o(i.ADXL345_setTapDuration), (20 bytes).
    Removing adxl345.o(i.ADXL345_setTapThreshold), (20 bytes).
    Removing adxl345.o(i.ADXL345_setTimeInactivity), (20 bytes).
    Removing adxl345.o(i.ADXL345_set_bw), (16 bytes).
    Removing adxl345.o(i.ADXL345_singleTapINT), (20 bytes).
    Removing adxl345.o(i.ADXL345_triggered), (8 bytes).
    Removing adxl345.o(i.ADXL345_writeToI2C), (56 bytes).
    Removing adxl345.o(.data), (1 bytes).
    Removing dflti.o(.text), (40 bytes).
    Removing dfixi.o(.text), (72 bytes).
    Removing cdcmple.o(.text), (40 bytes).
    Removing stm32f0xx_hal_dma.o(i.__ARM_common_switch8), (26 bytes).

614 unused section(s) (total 39441 bytes) removed from the image.

==============================================================================

Image Symbol Table

    Local Symbols

    Symbol Name                              Value     Ov Type        Size  Object(Section)

    ..//Src/system_stm32f0xx.c               0x00000000   Number         0  system_stm32f0xx.o ABSOLUTE
    ../Drivers/STM32F0xx_HAL_Driver/Src/stm32f0xx_hal.c 0x00000000   Number         0  stm32f0xx_hal.o ABSOLUTE
    ../Drivers/STM32F0xx_HAL_Driver/Src/stm32f0xx_hal_adc.c 0x00000000   Number         0  stm32f0xx_hal_adc.o ABSOLUTE
    ../Drivers/STM32F0xx_HAL_Driver/Src/stm32f0xx_hal_adc_ex.c 0x00000000   Number         0  stm32f0xx_hal_adc_ex.o ABSOLUTE
    ../Drivers/STM32F0xx_HAL_Driver/Src/stm32f0xx_hal_cortex.c 0x00000000   Number         0  stm32f0xx_hal_cortex.o ABSOLUTE
    ../Drivers/STM32F0xx_HAL_Driver/Src/stm32f0xx_hal_dma.c 0x00000000   Number         0  stm32f0xx_hal_dma.o ABSOLUTE
    ../Drivers/STM32F0xx_HAL_Driver/Src/stm32f0xx_hal_flash.c 0x00000000   Number         0  stm32f0xx_hal_flash.o ABSOLUTE
    ../Drivers/STM32F0xx_HAL_Driver/Src/stm32f0xx_hal_flash_ex.c 0x00000000   Number         0  stm32f0xx_hal_flash_ex.o ABSOLUTE
    ../Drivers/STM32F0xx_HAL_Driver/Src/stm32f0xx_hal_gpio.c 0x00000000   Number         0  stm32f0xx_hal_gpio.o ABSOLUTE
    ../Drivers/STM32F0xx_HAL_Driver/Src/stm32f0xx_hal_i2c.c 0x00000000   Number         0  stm32f0xx_hal_i2c.o ABSOLUTE
    ../Drivers/STM32F0xx_HAL_Driver/Src/stm32f0xx_hal_i2c_ex.c 0x00000000   Number         0  stm32f0xx_hal_i2c_ex.o ABSOLUTE
    ../Drivers/STM32F0xx_HAL_Driver/Src/stm32f0xx_hal_pwr.c 0x00000000   Number         0  stm32f0xx_hal_pwr.o ABSOLUTE
    ../Drivers/STM32F0xx_HAL_Driver/Src/stm32f0xx_hal_pwr_ex.c 0x00000000   Number         0  stm32f0xx_hal_pwr_ex.o ABSOLUTE
    ../Drivers/STM32F0xx_HAL_Driver/Src/stm32f0xx_hal_rcc.c 0x00000000   Number         0  stm32f0xx_hal_rcc.o ABSOLUTE
    ../Drivers/STM32F0xx_HAL_Driver/Src/stm32f0xx_hal_rcc_ex.c 0x00000000   Number         0  stm32f0xx_hal_rcc_ex.o ABSOLUTE
    ../Drivers/STM32F0xx_HAL_Driver/Src/stm32f0xx_hal_spi.c 0x00000000   Number         0  stm32f0xx_hal_spi.o ABSOLUTE
    ../Drivers/STM32F0xx_HAL_Driver/Src/stm32f0xx_hal_spi_ex.c 0x00000000   Number         0  stm32f0xx_hal_spi_ex.o ABSOLUTE
    ../Drivers/STM32F0xx_HAL_Driver/Src/stm32f0xx_hal_tim.c 0x00000000   Number         0  stm32f0xx_hal_tim.o ABSOLUTE
    ../Drivers/STM32F0xx_HAL_Driver/Src/stm32f0xx_hal_tim_ex.c 0x00000000   Number         0  stm32f0xx_hal_tim_ex.o ABSOLUTE
    ../Drivers/STM32F0xx_HAL_Driver/Src/stm32f0xx_hal_uart.c 0x00000000   Number         0  stm32f0xx_hal_uart.o ABSOLUTE
    ../Drivers/STM32F0xx_HAL_Driver/Src/stm32f0xx_hal_uart_ex.c 0x00000000   Number         0  stm32f0xx_hal_uart_ex.o ABSOLUTE
    ../Src/main.c                            0x00000000   Number         0  main.o ABSOLUTE
    ../Src/stm32f0xx_hal_msp.c               0x00000000   Number         0  stm32f0xx_hal_msp.o ABSOLUTE
    ../Src/stm32f0xx_it.c                    0x00000000   Number         0  stm32f0xx_it.o ABSOLUTE
    ../clib/microlib/division.c              0x00000000   Number         0  uldiv.o ABSOLUTE
    ../clib/microlib/division.c              0x00000000   Number         0  uidiv.o ABSOLUTE
    ../clib/microlib/errno.c                 0x00000000   Number         0  errno.o ABSOLUTE
    ../clib/microlib/init/entry.s            0x00000000   Number         0  entry8a.o ABSOLUTE
    ../clib/microlib/init/entry.s            0x00000000   Number         0  entry7b.o ABSOLUTE
    ../clib/microlib/init/entry.s            0x00000000   Number         0  entry7a.o ABSOLUTE
    ../clib/microlib/init/entry.s            0x00000000   Number         0  entry5.o ABSOLUTE
    ../clib/microlib/init/entry.s            0x00000000   Number         0  entry.o ABSOLUTE
    ../clib/microlib/init/entry.s            0x00000000   Number         0  entry11b.o ABSOLUTE
    ../clib/microlib/init/entry.s            0x00000000   Number         0  entry11a.o ABSOLUTE
    ../clib/microlib/init/entry.s            0x00000000   Number         0  entry10a.o ABSOLUTE
    ../clib/microlib/init/entry.s            0x00000000   Number         0  entry2.o ABSOLUTE
    ../clib/microlib/init/entry.s            0x00000000   Number         0  entry9b.o ABSOLUTE
    ../clib/microlib/init/entry.s            0x00000000   Number         0  entry9a.o ABSOLUTE
    ../clib/microlib/init/entry.s            0x00000000   Number         0  entry8b.o ABSOLUTE
    ../clib/microlib/init/entry.s            0x00000000   Number         0  entry10b.o ABSOLUTE
    ../clib/microlib/longlong.c              0x00000000   Number         0  llushr.o ABSOLUTE
    ../clib/microlib/longlong.c              0x00000000   Number         0  llsshr.o ABSOLUTE
    ../clib/microlib/longlong.c              0x00000000   Number         0  llshl.o ABSOLUTE
    ../clib/microlib/printf/printf.c         0x00000000   Number         0  printfa.o ABSOLUTE
    ../clib/microlib/stubs.s                 0x00000000   Number         0  useno.o ABSOLUTE
    ../clib/microlib/stubs.s                 0x00000000   Number         0  iusefp.o ABSOLUTE
    ../fplib/microlib/d2f.c                  0x00000000   Number         0  d2f.o ABSOLUTE
    ../fplib/microlib/f2d.c                  0x00000000   Number         0  f2d.o ABSOLUTE
    ../fplib/microlib/fpadd.c                0x00000000   Number         0  fadd.o ABSOLUTE
    ../fplib/microlib/fpadd.c                0x00000000   Number         0  dadd.o ABSOLUTE
    ../fplib/microlib/fpdiv.c                0x00000000   Number         0  ddiv.o ABSOLUTE
    ../fplib/microlib/fpepilogue.c           0x00000000   Number         0  fepilogue.o ABSOLUTE
    ../fplib/microlib/fpepilogue.c           0x00000000   Number         0  depilogue.o ABSOLUTE
    ../fplib/microlib/fpfix.c                0x00000000   Number         0  dfixi.o ABSOLUTE
    ../fplib/microlib/fpfix.c                0x00000000   Number         0  dfixul.o ABSOLUTE
    ../fplib/microlib/fpflt.c                0x00000000   Number         0  fflti.o ABSOLUTE
    ../fplib/microlib/fpflt.c                0x00000000   Number         0  dfltui.o ABSOLUTE
    ../fplib/microlib/fpflt.c                0x00000000   Number         0  dflti.o ABSOLUTE
    ../fplib/microlib/fpmul.c                0x00000000   Number         0  fmul.o ABSOLUTE
    ../fplib/microlib/fpmul.c                0x00000000   Number         0  dmul.o ABSOLUTE
    ../fplib/microlib/fpscalb.c              0x00000000   Number         0  dscalb.o ABSOLUTE
    ../fplib/microlib/fpsqrt.c               0x00000000   Number         0  dsqrt.o ABSOLUTE
    ../mathlib/atan.c                        0x00000000   Number         0  atan.o ABSOLUTE
    ../mathlib/atan.c                        0x00000000   Number         0  atan_x.o ABSOLUTE
    ../mathlib/atan2.c                       0x00000000   Number         0  atan2.o ABSOLUTE
    ../mathlib/atan2.c                       0x00000000   Number         0  atan2_x.o ABSOLUTE
    ../mathlib/dunder.c                      0x00000000   Number         0  dunder.o ABSOLUTE
    ../mathlib/fpclassify.c                  0x00000000   Number         0  fpclassify.o ABSOLUTE
    ../mathlib/poly.c                        0x00000000   Number         0  poly.o ABSOLUTE
    ../mathlib/pow.c                         0x00000000   Number         0  pow_x.o ABSOLUTE
    ../mathlib/pow.c                         0x00000000   Number         0  pow.o ABSOLUTE
    ../mathlib/qnan.c                        0x00000000   Number         0  qnan.o ABSOLUTE
    ../mathlib/sqrt.c                        0x00000000   Number         0  sqrt_x.o ABSOLUTE
    ../mathlib/sqrt.c                        0x00000000   Number         0  sqrt.o ABSOLUTE
    ..\Drivers\STM32F0xx_HAL_Driver\Src\stm32f0xx_hal.c 0x00000000   Number         0  stm32f0xx_hal.o ABSOLUTE
    ..\Drivers\STM32F0xx_HAL_Driver\Src\stm32f0xx_hal_adc.c 0x00000000   Number         0  stm32f0xx_hal_adc.o ABSOLUTE
    ..\Drivers\STM32F0xx_HAL_Driver\Src\stm32f0xx_hal_adc_ex.c 0x00000000   Number         0  stm32f0xx_hal_adc_ex.o ABSOLUTE
    ..\Drivers\STM32F0xx_HAL_Driver\Src\stm32f0xx_hal_cortex.c 0x00000000   Number         0  stm32f0xx_hal_cortex.o ABSOLUTE
    ..\Drivers\STM32F0xx_HAL_Driver\Src\stm32f0xx_hal_dma.c 0x00000000   Number         0  stm32f0xx_hal_dma.o ABSOLUTE
    ..\Drivers\STM32F0xx_HAL_Driver\Src\stm32f0xx_hal_flash.c 0x00000000   Number         0  stm32f0xx_hal_flash.o ABSOLUTE
    ..\Drivers\STM32F0xx_HAL_Driver\Src\stm32f0xx_hal_flash_ex.c 0x00000000   Number         0  stm32f0xx_hal_flash_ex.o ABSOLUTE
    ..\Drivers\STM32F0xx_HAL_Driver\Src\stm32f0xx_hal_gpio.c 0x00000000   Number         0  stm32f0xx_hal_gpio.o ABSOLUTE
    ..\Drivers\STM32F0xx_HAL_Driver\Src\stm32f0xx_hal_i2c.c 0x00000000   Number         0  stm32f0xx_hal_i2c.o ABSOLUTE
    ..\Drivers\STM32F0xx_HAL_Driver\Src\stm32f0xx_hal_i2c_ex.c 0x00000000   Number         0  stm32f0xx_hal_i2c_ex.o ABSOLUTE
    ..\Drivers\STM32F0xx_HAL_Driver\Src\stm32f0xx_hal_iwdg.c 0x00000000   Number         0  stm32f0xx_hal_iwdg.o ABSOLUTE
    ..\Drivers\STM32F0xx_HAL_Driver\Src\stm32f0xx_hal_pwr.c 0x00000000   Number         0  stm32f0xx_hal_pwr.o ABSOLUTE
    ..\Drivers\STM32F0xx_HAL_Driver\Src\stm32f0xx_hal_pwr_ex.c 0x00000000   Number         0  stm32f0xx_hal_pwr_ex.o ABSOLUTE
    ..\Drivers\STM32F0xx_HAL_Driver\Src\stm32f0xx_hal_rcc.c 0x00000000   Number         0  stm32f0xx_hal_rcc.o ABSOLUTE
    ..\Drivers\STM32F0xx_HAL_Driver\Src\stm32f0xx_hal_rcc_ex.c 0x00000000   Number         0  stm32f0xx_hal_rcc_ex.o ABSOLUTE
    ..\Drivers\STM32F0xx_HAL_Driver\Src\stm32f0xx_hal_spi.c 0x00000000   Number         0  stm32f0xx_hal_spi.o ABSOLUTE
    ..\Drivers\STM32F0xx_HAL_Driver\Src\stm32f0xx_hal_spi_ex.c 0x00000000   Number         0  stm32f0xx_hal_spi_ex.o ABSOLUTE
    ..\Drivers\STM32F0xx_HAL_Driver\Src\stm32f0xx_hal_tim.c 0x00000000   Number         0  stm32f0xx_hal_tim.o ABSOLUTE
    ..\Drivers\STM32F0xx_HAL_Driver\Src\stm32f0xx_hal_tim_ex.c 0x00000000   Number         0  stm32f0xx_hal_tim_ex.o ABSOLUTE
    ..\Drivers\STM32F0xx_HAL_Driver\Src\stm32f0xx_hal_uart.c 0x00000000   Number         0  stm32f0xx_hal_uart.o ABSOLUTE
    ..\Drivers\STM32F0xx_HAL_Driver\Src\stm32f0xx_hal_uart_ex.c 0x00000000   Number         0  stm32f0xx_hal_uart_ex.o ABSOLUTE
    ..\Middlewares\Third_Party\BSP\ADXL345.c 0x00000000   Number         0  adxl345.o ABSOLUTE
    ..\Middlewares\Third_Party\BSP\DebugProbe.c 0x00000000   Number         0  debugprobe.o ABSOLUTE
    ..\Src\main.c                            0x00000000   Number         0  main.o ABSOLUTE
    ..\Src\stm32f0xx_hal_msp.c               0x00000000   Number         0  stm32f0xx_hal_msp.o ABSOLUTE
    ..\Src\stm32f0xx_it.c                    0x00000000   Number         0  stm32f0xx_it.o ABSOLUTE
    ..\\Drivers\\STM32F0xx_HAL_Driver\\Src\\stm32f0xx_hal_iwdg.c 0x00000000   Number         0  stm32f0xx_hal_iwdg.o ABSOLUTE
    ..\\Middlewares\\Third_Party\\BSP\\ADXL345.c 0x00000000   Number         0  adxl345.o ABSOLUTE
    ..\\Middlewares\\Third_Party\\BSP\\DebugProbe.c 0x00000000   Number         0  debugprobe.o ABSOLUTE
    ..\\Src\system_stm32f0xx.c               0x00000000   Number         0  system_stm32f0xx.o ABSOLUTE
    cdcmple.s                                0x00000000   Number         0  cdcmple.o ABSOLUTE
    cdrcmple.s                               0x00000000   Number         0  cdrcmple.o ABSOLUTE
    dc.s                                     0x00000000   Number         0  dc.o ABSOLUTE
    handlers.s                               0x00000000   Number         0  handlers.o ABSOLUTE
    init.s                                   0x00000000   Number         0  init.o ABSOLUTE
    startup_stm32f030x8.s                    0x00000000   Number         0  startup_stm32f030x8.o ABSOLUTE
    RESET                                    0x08000000   Section      180  startup_stm32f030x8.o(RESET)
    .ARM.Collect$$$$00000000                 0x080000b4   Section        0  entry.o(.ARM.Collect$$$$00000000)
    .ARM.Collect$$$$00000001                 0x080000b4   Section        4  entry2.o(.ARM.Collect$$$$00000001)
    .ARM.Collect$$$$00000004                 0x080000b8   Section        4  entry5.o(.ARM.Collect$$$$00000004)
    .ARM.Collect$$$$00000008                 0x080000bc   Section        0  entry7b.o(.ARM.Collect$$$$00000008)
    .ARM.Collect$$$$0000000A                 0x080000bc   Section        0  entry8b.o(.ARM.Collect$$$$0000000A)
    .ARM.Collect$$$$0000000B                 0x080000bc   Section        8  entry9a.o(.ARM.Collect$$$$0000000B)
    .ARM.Collect$$$$0000000D                 0x080000c4   Section        0  entry10a.o(.ARM.Collect$$$$0000000D)
    .ARM.Collect$$$$0000000F                 0x080000c4   Section        0  entry11a.o(.ARM.Collect$$$$0000000F)
    .ARM.Collect$$$$00002712                 0x080000c4   Section        4  entry2.o(.ARM.Collect$$$$00002712)
    __lit__00000000                          0x080000c4   Data           4  entry2.o(.ARM.Collect$$$$00002712)
    .text                                    0x080000c8   Section       28  startup_stm32f030x8.o(.text)
    .text                                    0x080000e4   Section        0  uidiv.o(.text)
    .text                                    0x08000110   Section        0  llushr.o(.text)
    .text                                    0x08000132   Section        0  fadd.o(.text)
    .text                                    0x080001e4   Section        0  fmul.o(.text)
    .text                                    0x08000260   Section        0  dadd.o(.text)
    .text                                    0x080003c4   Section        0  dmul.o(.text)
    .text                                    0x08000494   Section        0  ddiv.o(.text)
    .text                                    0x08000584   Section        0  fflti.o(.text)
    .text                                    0x0800059c   Section        0  dfltui.o(.text)
    .text                                    0x080005b8   Section        0  f2d.o(.text)
    .text                                    0x080005e0   Section       40  cdrcmple.o(.text)
    .text                                    0x08000608   Section        0  d2f.o(.text)
    .text                                    0x08000640   Section        0  uldiv.o(.text)
    .text                                    0x080006a0   Section        0  llshl.o(.text)
    .text                                    0x080006c0   Section        0  llsshr.o(.text)
    .text                                    0x080006e6   Section        0  iusefp.o(.text)
    .text                                    0x080006e6   Section        0  fepilogue.o(.text)
    .text                                    0x08000768   Section        0  depilogue.o(.text)
    .text                                    0x08000826   Section        0  dscalb.o(.text)
    .text                                    0x08000852   Section        0  dsqrt.o(.text)
    .text                                    0x080008f4   Section        0  dfixul.o(.text)
    .text                                    0x08000934   Section       36  init.o(.text)
    i.ADXL345_AcclProcess                    0x08000958   Section        0  adxl345.o(i.ADXL345_AcclProcess)
    i.ADXL345_SPI_Init                       0x08000c64   Section        0  adxl345.o(i.ADXL345_SPI_Init)
    i.ADXL345_SoftSPI_SendByte               0x08000cd8   Section        0  adxl345.o(i.ADXL345_SoftSPI_SendByte)
    ADXL345_SoftSPI_SendByte                 0x08000cd9   Thumb Code    90  adxl345.o(i.ADXL345_SoftSPI_SendByte)
    i.ADXL345_init                           0x08000d34   Section        0  adxl345.o(i.ADXL345_init)
    i.ADXL345_powerOn                        0x08000d74   Section        0  adxl345.o(i.ADXL345_powerOn)
    i.ADXL345_processInterfaceFunctionality  0x08000d90   Section        0  adxl345.o(i.ADXL345_processInterfaceFunctionality)
    i.ADXL345_readAccel                      0x08000e60   Section        0  adxl345.o(i.ADXL345_readAccel)
    i.ADXL345_readFrom                       0x08000ea4   Section        0  adxl345.o(i.ADXL345_readFrom)
    i.ADXL345_readFromSPI                    0x08000eac   Section        0  adxl345.o(i.ADXL345_readFromSPI)
    i.ADXL345_writeTo                        0x08000f3c   Section        0  adxl345.o(i.ADXL345_writeTo)
    i.ADXL345_writeToSPI                     0x08000f44   Section        0  adxl345.o(i.ADXL345_writeToSPI)
    i.BSP_DebugProbe_GetRxDBuffer            0x08000f70   Section        0  debugprobe.o(i.BSP_DebugProbe_GetRxDBuffer)
    i.BSP_DebugProbe_Init                    0x08000f78   Section        0  debugprobe.o(i.BSP_DebugProbe_Init)
    i.HAL_DMA_Abort_IT                       0x08000fb0   Section        0  stm32f0xx_hal_dma.o(i.HAL_DMA_Abort_IT)
    i.HAL_GPIO_Init                          0x08000ff8   Section        0  stm32f0xx_hal_gpio.o(i.HAL_GPIO_Init)
    i.HAL_GPIO_ReadPin                       0x08001140   Section        0  stm32f0xx_hal_gpio.o(i.HAL_GPIO_ReadPin)
    i.HAL_GPIO_WritePin                      0x0800114a   Section        0  stm32f0xx_hal_gpio.o(i.HAL_GPIO_WritePin)
    i.HAL_GetTick                            0x08001158   Section        0  stm32f0xx_hal.o(i.HAL_GetTick)
    i.HAL_I2C_Init                           0x08001164   Section        0  stm32f0xx_hal_i2c.o(i.HAL_I2C_Init)
    i.HAL_I2C_MspInit                        0x08001218   Section        0  stm32f0xx_hal_msp.o(i.HAL_I2C_MspInit)
    i.HAL_IncTick                            0x0800125c   Section        0  stm32f0xx_hal.o(i.HAL_IncTick)
    i.HAL_Init                               0x0800126c   Section        0  stm32f0xx_hal.o(i.HAL_Init)
    i.HAL_InitTick                           0x0800128c   Section        0  stm32f0xx_hal.o(i.HAL_InitTick)
    i.HAL_MspInit                            0x080012b0   Section        0  stm32f0xx_hal_msp.o(i.HAL_MspInit)
    i.HAL_NVIC_EnableIRQ                     0x080012e8   Section        0  stm32f0xx_hal_cortex.o(i.HAL_NVIC_EnableIRQ)
    i.HAL_NVIC_SetPriority                   0x080012fc   Section        0  stm32f0xx_hal_cortex.o(i.HAL_NVIC_SetPriority)
    i.HAL_RCC_ClockConfig                    0x08001304   Section        0  stm32f0xx_hal_rcc.o(i.HAL_RCC_ClockConfig)
    i.HAL_RCC_GetHCLKFreq                    0x08001430   Section        0  stm32f0xx_hal_rcc.o(i.HAL_RCC_GetHCLKFreq)
    i.HAL_RCC_GetPCLK1Freq                   0x0800143c   Section        0  stm32f0xx_hal_rcc.o(i.HAL_RCC_GetPCLK1Freq)
    i.HAL_RCC_GetSysClockFreq                0x0800145c   Section        0  stm32f0xx_hal_rcc.o(i.HAL_RCC_GetSysClockFreq)
    i.HAL_RCC_OscConfig                      0x080014d4   Section        0  stm32f0xx_hal_rcc.o(i.HAL_RCC_OscConfig)
    i.HAL_SPI_Init                           0x08001828   Section        0  stm32f0xx_hal_spi.o(i.HAL_SPI_Init)
    i.HAL_SPI_MspInit                        0x080018e0   Section        0  stm32f0xx_hal_msp.o(i.HAL_SPI_MspInit)
    i.HAL_SYSTICK_CLKSourceConfig            0x08001924   Section        0  stm32f0xx_hal_cortex.o(i.HAL_SYSTICK_CLKSourceConfig)
    i.HAL_SYSTICK_Callback                   0x0800193c   Section        0  stm32f0xx_hal_cortex.o(i.HAL_SYSTICK_Callback)
    i.HAL_SYSTICK_Config                     0x08001940   Section        0  stm32f0xx_hal_cortex.o(i.HAL_SYSTICK_Config)
    i.HAL_SYSTICK_IRQHandler                 0x08001970   Section        0  stm32f0xx_hal_cortex.o(i.HAL_SYSTICK_IRQHandler)
    i.HAL_UART_ErrorCallback                 0x08001978   Section        0  stm32f0xx_hal_uart.o(i.HAL_UART_ErrorCallback)
    i.HAL_UART_IRQHandler                    0x0800197c   Section        0  stm32f0xx_hal_uart.o(i.HAL_UART_IRQHandler)
    i.HAL_UART_Init                          0x08001a90   Section        0  stm32f0xx_hal_uart.o(i.HAL_UART_Init)
    i.HAL_UART_MspInit                       0x08001afc   Section        0  stm32f0xx_hal_msp.o(i.HAL_UART_MspInit)
    i.HAL_UART_Receive_IT                    0x08001b48   Section        0  stm32f0xx_hal_uart.o(i.HAL_UART_Receive_IT)
    i.HAL_UART_RxCpltCallback                0x08001bd0   Section        0  stm32f0xx_hal_uart.o(i.HAL_UART_RxCpltCallback)
    i.HAL_UART_Transmit                      0x08001bd2   Section        0  stm32f0xx_hal_uart.o(i.HAL_UART_Transmit)
    i.HAL_UART_TxCpltCallback                0x08001c9a   Section        0  stm32f0xx_hal_uart.o(i.HAL_UART_TxCpltCallback)
    i.HardFault_Handler                      0x08001c9c   Section        0  stm32f0xx_it.o(i.HardFault_Handler)
    i.MX_I2C1_Init                           0x08001ca0   Section        0  main.o(i.MX_I2C1_Init)
    i.MX_NVIC_Init                           0x08001ccc   Section        0  main.o(i.MX_NVIC_Init)
    i.MX_SPI1_Init                           0x08001ce0   Section        0  main.o(i.MX_SPI1_Init)
    i.MX_USART1_UART_Init                    0x08001d28   Section        0  main.o(i.MX_USART1_UART_Init)
    i.NMI_Handler                            0x08001d60   Section        0  stm32f0xx_it.o(i.NMI_Handler)
    i.NVIC_SetPriority                       0x08001d64   Section        0  stm32f0xx_hal_cortex.o(i.NVIC_SetPriority)
    NVIC_SetPriority                         0x08001d65   Thumb Code    60  stm32f0xx_hal_cortex.o(i.NVIC_SetPriority)
    i.PendSV_Handler                         0x08001da8   Section        0  stm32f0xx_it.o(i.PendSV_Handler)
    i.SVC_Handler                            0x08001daa   Section        0  stm32f0xx_it.o(i.SVC_Handler)
    i.SysTick_Handler                        0x08001dac   Section        0  stm32f0xx_it.o(i.SysTick_Handler)
    i.SystemClock_Config                     0x08001db8   Section        0  main.o(i.SystemClock_Config)
    i.SystemInit                             0x08001e1c   Section        0  system_stm32f0xx.o(i.SystemInit)
    i.UART_AdvFeatureConfig                  0x08001e78   Section        0  stm32f0xx_hal_uart.o(i.UART_AdvFeatureConfig)
    i.UART_CheckIdleState                    0x08001f42   Section        0  stm32f0xx_hal_uart.o(i.UART_CheckIdleState)
    i.UART_DMAAbortOnError                   0x08001f54   Section        0  stm32f0xx_hal_uart.o(i.UART_DMAAbortOnError)
    UART_DMAAbortOnError                     0x08001f55   Thumb Code    20  stm32f0xx_hal_uart.o(i.UART_DMAAbortOnError)
    i.UART_EndRxTransfer                     0x08001f68   Section        0  stm32f0xx_hal_uart.o(i.UART_EndRxTransfer)
    UART_EndRxTransfer                       0x08001f69   Thumb Code    30  stm32f0xx_hal_uart.o(i.UART_EndRxTransfer)
    i.UART_EndTransmit_IT                    0x08001f86   Section        0  stm32f0xx_hal_uart.o(i.UART_EndTransmit_IT)
    i.UART_Receive_IT                        0x08001fa0   Section        0  stm32f0xx_hal_uart.o(i.UART_Receive_IT)
    i.UART_SetConfig                         0x0800201c   Section        0  stm32f0xx_hal_uart.o(i.UART_SetConfig)
    i.UART_Transmit_IT                       0x0800214c   Section        0  stm32f0xx_hal_uart.o(i.UART_Transmit_IT)
    i.UART_WaitOnFlagUntilTimeout            0x080021b2   Section        0  stm32f0xx_hal_uart.o(i.UART_WaitOnFlagUntilTimeout)
    i.USART1_IRQHandler                      0x08002214   Section        0  stm32f0xx_it.o(i.USART1_IRQHandler)
    i.__0vfprintf                            0x08002230   Section        0  printfa.o(i.__0vfprintf)
    i.__ARM_clz                              0x08002248   Section        0  depilogue.o(i.__ARM_clz)
    i.__ARM_fpclassify                       0x08002278   Section        0  fpclassify.o(i.__ARM_fpclassify)
    i.__kernel_poly                          0x080022a4   Section        0  poly.o(i.__kernel_poly)
    i.__mathlib_dbl_infnan                   0x08002350   Section        0  dunder.o(i.__mathlib_dbl_infnan)
    i.__mathlib_dbl_infnan2                  0x0800235a   Section        0  dunder.o(i.__mathlib_dbl_infnan2)
    i.__mathlib_dbl_underflow                0x08002364   Section        0  dunder.o(i.__mathlib_dbl_underflow)
    i.__scatterload_copy                     0x08002378   Section       14  handlers.o(i.__scatterload_copy)
    i.__scatterload_null                     0x08002386   Section        2  handlers.o(i.__scatterload_null)
    i.__scatterload_zeroinit                 0x08002388   Section       14  handlers.o(i.__scatterload_zeroinit)
    i.__set_errno                            0x08002398   Section        0  errno.o(i.__set_errno)
    i._fp_digits                             0x080023a4   Section        0  printfa.o(i._fp_digits)
    _fp_digits                               0x080023a5   Thumb Code   316  printfa.o(i._fp_digits)
    i._printf_core                           0x080024fc   Section        0  printfa.o(i._printf_core)
    _printf_core                             0x080024fd   Thumb Code  1754  printfa.o(i._printf_core)
    i._printf_post_padding                   0x08002be8   Section        0  printfa.o(i._printf_post_padding)
    _printf_post_padding                     0x08002be9   Thumb Code    32  printfa.o(i._printf_post_padding)
    i._printf_pre_padding                    0x08002c08   Section        0  printfa.o(i._printf_pre_padding)
    _printf_pre_padding                      0x08002c09   Thumb Code    44  printfa.o(i._printf_pre_padding)
    i.aPrintOutLog                           0x08002c34   Section        0  debugprobe.o(i.aPrintOutLog)
    i.atan                                   0x08002c48   Section        0  atan.o(i.atan)
    i.atan2                                  0x08002e64   Section        0  atan2.o(i.atan2)
    i.fputc                                  0x08002fdc   Section        0  debugprobe.o(i.fputc)
    i.main                                   0x08002fe4   Section        0  main.o(i.main)
    i.sendchar                               0x08003014   Section        0  debugprobe.o(i.sendchar)
    i.sqrt                                   0x0800302c   Section        0  sqrt.o(i.sqrt)
    .constdata                               0x08003074   Section       16  system_stm32f0xx.o(.constdata)
    .constdata                               0x08003084   Section        8  system_stm32f0xx.o(.constdata)
    .constdata                               0x08003090   Section      152  atan.o(.constdata)
    atanhi                                   0x08003090   Data          32  atan.o(.constdata)
    atanlo                                   0x080030b0   Data          32  atan.o(.constdata)
    aTodd                                    0x080030d0   Data          40  atan.o(.constdata)
    aTeven                                   0x080030f8   Data          48  atan.o(.constdata)
    .constdata                               0x08003128   Section        8  qnan.o(.constdata)
    .data                                    0x20000000   Section        4  system_stm32f0xx.o(.data)
    .data                                    0x20000004   Section        4  stm32f0xx_hal.o(.data)
    .data                                    0x20000008   Section        1  debugprobe.o(.data)
    .data                                    0x20000010   Section       72  adxl345.o(.data)
    bInterfaceLiveState                      0x20000010   Data           1  adxl345.o(.data)
    bInterfaceTotalState                     0x20000011   Data           1  adxl345.o(.data)
    uAcclActiveState                         0x20000012   Data           1  adxl345.o(.data)
    errCount                                 0x20000014   Data           1  adxl345.o(.data)
    uwInTick                                 0x2000002c   Data           4  adxl345.o(.data)
    _buff                                    0x20000030   Data           6  adxl345.o(.data)
    .data                                    0x20000058   Section        4  errno.o(.data)
    _errno                                   0x20000058   Data           4  errno.o(.data)
    .bss                                     0x2000005c   Section      288  main.o(.bss)
    .bss                                     0x20000180   Section       64  adxl345.o(.bss)
    gains                                    0x20000180   Data          24  adxl345.o(.bss)
    STACK                                    0x200001c0   Section     1024  startup_stm32f030x8.o(STACK)

    Global Symbols

    Symbol Name                              Value     Ov Type        Size  Object(Section)

    BuildAttributes$$THM_ISAv3M$S$PE$A:L22$X:L11$S22$IEEE1$IW$USESV6$~STKCKD$USESV7$~SHL$OTIME$ROPI$IEEEX$EBA8$MICROLIB$REQ8$PRES8$EABIv2 0x00000000   Number         0  anon$$obj.o ABSOLUTE
    __ARM_use_no_argv                        0x00000000   Number         0  main.o ABSOLUTE
    __use_no_errno                           0x00000000   Number         0  useno.o ABSOLUTE
    __use_no_exception_handling              0x00000000   Number         0  useno.o ABSOLUTE
    __use_no_fp                              0x00000000   Number         0  useno.o ABSOLUTE
    __use_no_heap                            0x00000000   Number         0  useno.o ABSOLUTE
    __use_no_heap_region                     0x00000000   Number         0  useno.o ABSOLUTE
    __use_no_semihosting                     0x00000000   Number         0  useno.o ABSOLUTE
    __use_no_semihosting_swi                 0x00000000   Number         0  useno.o ABSOLUTE
    __use_no_signal_handling                 0x00000000   Number         0  useno.o ABSOLUTE
    __cpp_initialize__aeabi_                  - Undefined Weak Reference
    __cxa_finalize                            - Undefined Weak Reference
    __decompress                              - Undefined Weak Reference
    _clock_init                               - Undefined Weak Reference
    _microlib_exit                            - Undefined Weak Reference
    __Vectors_Size                           0x000000b4   Number         0  startup_stm32f030x8.o ABSOLUTE
    __Vectors                                0x08000000   Data           4  startup_stm32f030x8.o(RESET)
    __Vectors_End                            0x080000b4   Data           0  startup_stm32f030x8.o(RESET)
    __main                                   0x080000b5   Thumb Code     0  entry.o(.ARM.Collect$$$$00000000)
    _main_stk                                0x080000b5   Thumb Code     0  entry2.o(.ARM.Collect$$$$00000001)
    _main_scatterload                        0x080000b9   Thumb Code     0  entry5.o(.ARM.Collect$$$$00000004)
    __main_after_scatterload                 0x080000bd   Thumb Code     0  entry5.o(.ARM.Collect$$$$00000004)
    _main_clock                              0x080000bd   Thumb Code     0  entry7b.o(.ARM.Collect$$$$00000008)
    _main_cpp_init                           0x080000bd   Thumb Code     0  entry8b.o(.ARM.Collect$$$$0000000A)
    _main_init                               0x080000bd   Thumb Code     0  entry9a.o(.ARM.Collect$$$$0000000B)
    __rt_final_cpp                           0x080000c5   Thumb Code     0  entry10a.o(.ARM.Collect$$$$0000000D)
    __rt_final_exit                          0x080000c5   Thumb Code     0  entry11a.o(.ARM.Collect$$$$0000000F)
    Reset_Handler                            0x080000c9   Thumb Code     8  startup_stm32f030x8.o(.text)
    ADC1_IRQHandler                          0x080000db   Thumb Code     0  startup_stm32f030x8.o(.text)
    DMA1_Channel1_IRQHandler                 0x080000db   Thumb Code     0  startup_stm32f030x8.o(.text)
    DMA1_Channel2_3_IRQHandler               0x080000db   Thumb Code     0  startup_stm32f030x8.o(.text)
    DMA1_Channel4_5_IRQHandler               0x080000db   Thumb Code     0  startup_stm32f030x8.o(.text)
    EXTI0_1_IRQHandler                       0x080000db   Thumb Code     0  startup_stm32f030x8.o(.text)
    EXTI2_3_IRQHandler                       0x080000db   Thumb Code     0  startup_stm32f030x8.o(.text)
    EXTI4_15_IRQHandler                      0x080000db   Thumb Code     0  startup_stm32f030x8.o(.text)
    FLASH_IRQHandler                         0x080000db   Thumb Code     0  startup_stm32f030x8.o(.text)
    I2C1_IRQHandler                          0x080000db   Thumb Code     0  startup_stm32f030x8.o(.text)
    I2C2_IRQHandler                          0x080000db   Thumb Code     0  startup_stm32f030x8.o(.text)
    RCC_IRQHandler                           0x080000db   Thumb Code     0  startup_stm32f030x8.o(.text)
    RTC_IRQHandler                           0x080000db   Thumb Code     0  startup_stm32f030x8.o(.text)
    SPI1_IRQHandler                          0x080000db   Thumb Code     0  startup_stm32f030x8.o(.text)
    SPI2_IRQHandler                          0x080000db   Thumb Code     0  startup_stm32f030x8.o(.text)
    TIM14_IRQHandler                         0x080000db   Thumb Code     0  startup_stm32f030x8.o(.text)
    TIM15_IRQHandler                         0x080000db   Thumb Code     0  startup_stm32f030x8.o(.text)
    TIM16_IRQHandler                         0x080000db   Thumb Code     0  startup_stm32f030x8.o(.text)
    TIM17_IRQHandler                         0x080000db   Thumb Code     0  startup_stm32f030x8.o(.text)
    TIM1_BRK_UP_TRG_COM_IRQHandler           0x080000db   Thumb Code     0  startup_stm32f030x8.o(.text)
    TIM1_CC_IRQHandler                       0x080000db   Thumb Code     0  startup_stm32f030x8.o(.text)
    TIM3_IRQHandler                          0x080000db   Thumb Code     0  startup_stm32f030x8.o(.text)
    TIM6_IRQHandler                          0x080000db   Thumb Code     0  startup_stm32f030x8.o(.text)
    USART2_IRQHandler                        0x080000db   Thumb Code     0  startup_stm32f030x8.o(.text)
    WWDG_IRQHandler                          0x080000db   Thumb Code     0  startup_stm32f030x8.o(.text)
    __aeabi_uidiv                            0x080000e5   Thumb Code     0  uidiv.o(.text)
    __aeabi_uidivmod                         0x080000e5   Thumb Code    44  uidiv.o(.text)
    __aeabi_llsr                             0x08000111   Thumb Code    34  llushr.o(.text)
    _ll_ushift_r                             0x08000111   Thumb Code     0  llushr.o(.text)
    __aeabi_fadd                             0x08000133   Thumb Code   162  fadd.o(.text)
    __aeabi_fsub                             0x080001d5   Thumb Code     8  fadd.o(.text)
    __aeabi_frsub                            0x080001dd   Thumb Code     8  fadd.o(.text)
    __aeabi_fmul                             0x080001e5   Thumb Code   122  fmul.o(.text)
    __aeabi_dadd                             0x08000261   Thumb Code   328  dadd.o(.text)
    __aeabi_dsub                             0x080003a9   Thumb Code    12  dadd.o(.text)
    __aeabi_drsub                            0x080003b5   Thumb Code    12  dadd.o(.text)
    __aeabi_dmul                             0x080003c5   Thumb Code   202  dmul.o(.text)
    __aeabi_ddiv                             0x08000495   Thumb Code   234  ddiv.o(.text)
    __aeabi_i2f                              0x08000585   Thumb Code    22  fflti.o(.text)
    __aeabi_ui2d                             0x0800059d   Thumb Code    24  dfltui.o(.text)
    __aeabi_f2d                              0x080005b9   Thumb Code    40  f2d.o(.text)
    __aeabi_cdrcmple                         0x080005e1   Thumb Code    38  cdrcmple.o(.text)
    __aeabi_d2f                              0x08000609   Thumb Code    56  d2f.o(.text)
    __aeabi_uldivmod                         0x08000641   Thumb Code    96  uldiv.o(.text)
    __aeabi_llsl                             0x080006a1   Thumb Code    32  llshl.o(.text)
    _ll_shift_l                              0x080006a1   Thumb Code     0  llshl.o(.text)
    __aeabi_lasr                             0x080006c1   Thumb Code    38  llsshr.o(.text)
    _ll_sshift_r                             0x080006c1   Thumb Code     0  llsshr.o(.text)
    __I$use$fp                               0x080006e7   Thumb Code     0  iusefp.o(.text)
    _float_round                             0x080006e7   Thumb Code    16  fepilogue.o(.text)
    _float_epilogue                          0x080006f7   Thumb Code   114  fepilogue.o(.text)
    _double_round                            0x08000769   Thumb Code    26  depilogue.o(.text)
    _double_epilogue                         0x08000783   Thumb Code   164  depilogue.o(.text)
    __ARM_scalbn                             0x08000827   Thumb Code    44  dscalb.o(.text)
    scalbn                                   0x08000827   Thumb Code     0  dscalb.o(.text)
    _dsqrt                                   0x08000853   Thumb Code   162  dsqrt.o(.text)
    __aeabi_d2ulz                            0x080008f5   Thumb Code    54  dfixul.o(.text)
    __scatterload                            0x08000935   Thumb Code    28  init.o(.text)
    __scatterload_rt2                        0x08000935   Thumb Code     0  init.o(.text)
    ADXL345_AcclProcess                      0x08000959   Thumb Code   648  adxl345.o(i.ADXL345_AcclProcess)
    ADXL345_SPI_Init                         0x08000c65   Thumb Code   112  adxl345.o(i.ADXL345_SPI_Init)
    ADXL345_init                             0x08000d35   Thumb Code    36  adxl345.o(i.ADXL345_init)
    ADXL345_powerOn                          0x08000d75   Thumb Code    28  adxl345.o(i.ADXL345_powerOn)
    ADXL345_processInterfaceFunctionality    0x08000d91   Thumb Code   118  adxl345.o(i.ADXL345_processInterfaceFunctionality)
    ADXL345_readAccel                        0x08000e61   Thumb Code    64  adxl345.o(i.ADXL345_readAccel)
    ADXL345_readFrom                         0x08000ea5   Thumb Code     8  adxl345.o(i.ADXL345_readFrom)
    ADXL345_readFromSPI                      0x08000ead   Thumb Code   144  adxl345.o(i.ADXL345_readFromSPI)
    ADXL345_writeTo                          0x08000f3d   Thumb Code     8  adxl345.o(i.ADXL345_writeTo)
    ADXL345_writeToSPI                       0x08000f45   Thumb Code    44  adxl345.o(i.ADXL345_writeToSPI)
    BSP_DebugProbe_GetRxDBuffer              0x08000f71   Thumb Code     4  debugprobe.o(i.BSP_DebugProbe_GetRxDBuffer)
    BSP_DebugProbe_Init                      0x08000f79   Thumb Code    44  debugprobe.o(i.BSP_DebugProbe_Init)
    HAL_DMA_Abort_IT                         0x08000fb1   Thumb Code    72  stm32f0xx_hal_dma.o(i.HAL_DMA_Abort_IT)
    HAL_GPIO_Init                            0x08000ff9   Thumb Code   302  stm32f0xx_hal_gpio.o(i.HAL_GPIO_Init)
    HAL_GPIO_ReadPin                         0x08001141   Thumb Code    10  stm32f0xx_hal_gpio.o(i.HAL_GPIO_ReadPin)
    HAL_GPIO_WritePin                        0x0800114b   Thumb Code    12  stm32f0xx_hal_gpio.o(i.HAL_GPIO_WritePin)
    HAL_GetTick                              0x08001159   Thumb Code     6  stm32f0xx_hal.o(i.HAL_GetTick)
    HAL_I2C_Init                             0x08001165   Thumb Code   176  stm32f0xx_hal_i2c.o(i.HAL_I2C_Init)
    HAL_I2C_MspInit                          0x08001219   Thumb Code    54  stm32f0xx_hal_msp.o(i.HAL_I2C_MspInit)
    HAL_IncTick                              0x0800125d   Thumb Code    10  stm32f0xx_hal.o(i.HAL_IncTick)
    HAL_Init                                 0x0800126d   Thumb Code    26  stm32f0xx_hal.o(i.HAL_Init)
    HAL_InitTick                             0x0800128d   Thumb Code    34  stm32f0xx_hal.o(i.HAL_InitTick)
    HAL_MspInit                              0x080012b1   Thumb Code    50  stm32f0xx_hal_msp.o(i.HAL_MspInit)
    HAL_NVIC_EnableIRQ                       0x080012e9   Thumb Code    14  stm32f0xx_hal_cortex.o(i.HAL_NVIC_EnableIRQ)
    HAL_NVIC_SetPriority                     0x080012fd   Thumb Code     8  stm32f0xx_hal_cortex.o(i.HAL_NVIC_SetPriority)
    HAL_RCC_ClockConfig                      0x08001305   Thumb Code   280  stm32f0xx_hal_rcc.o(i.HAL_RCC_ClockConfig)
    HAL_RCC_GetHCLKFreq                      0x08001431   Thumb Code     6  stm32f0xx_hal_rcc.o(i.HAL_RCC_GetHCLKFreq)
    HAL_RCC_GetPCLK1Freq                     0x0800143d   Thumb Code    20  stm32f0xx_hal_rcc.o(i.HAL_RCC_GetPCLK1Freq)
    HAL_RCC_GetSysClockFreq                  0x0800145d   Thumb Code    76  stm32f0xx_hal_rcc.o(i.HAL_RCC_GetSysClockFreq)
    HAL_RCC_OscConfig                        0x080014d5   Thumb Code   840  stm32f0xx_hal_rcc.o(i.HAL_RCC_OscConfig)
    HAL_SPI_Init                             0x08001829   Thumb Code   184  stm32f0xx_hal_spi.o(i.HAL_SPI_Init)
    HAL_SPI_MspInit                          0x080018e1   Thumb Code    60  stm32f0xx_hal_msp.o(i.HAL_SPI_MspInit)
    HAL_SYSTICK_CLKSourceConfig              0x08001925   Thumb Code    20  stm32f0xx_hal_cortex.o(i.HAL_SYSTICK_CLKSourceConfig)
    HAL_SYSTICK_Callback                     0x0800193d   Thumb Code     2  stm32f0xx_hal_cortex.o(i.HAL_SYSTICK_Callback)
    HAL_SYSTICK_Config                       0x08001941   Thumb Code    38  stm32f0xx_hal_cortex.o(i.HAL_SYSTICK_Config)
    HAL_SYSTICK_IRQHandler                   0x08001971   Thumb Code     8  stm32f0xx_hal_cortex.o(i.HAL_SYSTICK_IRQHandler)
    HAL_UART_ErrorCallback                   0x08001979   Thumb Code     2  stm32f0xx_hal_uart.o(i.HAL_UART_ErrorCallback)
    HAL_UART_IRQHandler                      0x0800197d   Thumb Code   272  stm32f0xx_hal_uart.o(i.HAL_UART_IRQHandler)
    HAL_UART_Init                            0x08001a91   Thumb Code   108  stm32f0xx_hal_uart.o(i.HAL_UART_Init)
    HAL_UART_MspInit                         0x08001afd   Thumb Code    66  stm32f0xx_hal_msp.o(i.HAL_UART_MspInit)
    HAL_UART_Receive_IT                      0x08001b49   Thumb Code   132  stm32f0xx_hal_uart.o(i.HAL_UART_Receive_IT)
    HAL_UART_RxCpltCallback                  0x08001bd1   Thumb Code     2  stm32f0xx_hal_uart.o(i.HAL_UART_RxCpltCallback)
    HAL_UART_Transmit                        0x08001bd3   Thumb Code   200  stm32f0xx_hal_uart.o(i.HAL_UART_Transmit)
    HAL_UART_TxCpltCallback                  0x08001c9b   Thumb Code     2  stm32f0xx_hal_uart.o(i.HAL_UART_TxCpltCallback)
    HardFault_Handler                        0x08001c9d   Thumb Code     2  stm32f0xx_it.o(i.HardFault_Handler)
    MX_I2C1_Init                             0x08001ca1   Thumb Code    36  main.o(i.MX_I2C1_Init)
    MX_NVIC_Init                             0x08001ccd   Thumb Code    20  main.o(i.MX_NVIC_Init)
    MX_SPI1_Init                             0x08001ce1   Thumb Code    64  main.o(i.MX_SPI1_Init)
    MX_USART1_UART_Init                      0x08001d29   Thumb Code    46  main.o(i.MX_USART1_UART_Init)
    NMI_Handler                              0x08001d61   Thumb Code     2  stm32f0xx_it.o(i.NMI_Handler)
    PendSV_Handler                           0x08001da9   Thumb Code     2  stm32f0xx_it.o(i.PendSV_Handler)
    SVC_Handler                              0x08001dab   Thumb Code     2  stm32f0xx_it.o(i.SVC_Handler)
    SysTick_Handler                          0x08001dad   Thumb Code    12  stm32f0xx_it.o(i.SysTick_Handler)
    SystemClock_Config                       0x08001db9   Thumb Code    98  main.o(i.SystemClock_Config)
    SystemInit                               0x08001e1d   Thumb Code    78  system_stm32f0xx.o(i.SystemInit)
    UART_AdvFeatureConfig                    0x08001e79   Thumb Code   202  stm32f0xx_hal_uart.o(i.UART_AdvFeatureConfig)
    UART_CheckIdleState                      0x08001f43   Thumb Code    18  stm32f0xx_hal_uart.o(i.UART_CheckIdleState)
    UART_EndTransmit_IT                      0x08001f87   Thumb Code    26  stm32f0xx_hal_uart.o(i.UART_EndTransmit_IT)
    UART_Receive_IT                          0x08001fa1   Thumb Code   122  stm32f0xx_hal_uart.o(i.UART_Receive_IT)
    UART_SetConfig                           0x0800201d   Thumb Code   280  stm32f0xx_hal_uart.o(i.UART_SetConfig)
    UART_Transmit_IT                         0x0800214d   Thumb Code   102  stm32f0xx_hal_uart.o(i.UART_Transmit_IT)
    UART_WaitOnFlagUntilTimeout              0x080021b3   Thumb Code    98  stm32f0xx_hal_uart.o(i.UART_WaitOnFlagUntilTimeout)
    USART1_IRQHandler                        0x08002215   Thumb Code    24  stm32f0xx_it.o(i.USART1_IRQHandler)
    __0vfprintf                              0x08002231   Thumb Code    20  printfa.o(i.__0vfprintf)
    __1vfprintf                              0x08002231   Thumb Code     0  printfa.o(i.__0vfprintf)
    __2vfprintf                              0x08002231   Thumb Code     0  printfa.o(i.__0vfprintf)
    __c89vfprintf                            0x08002231   Thumb Code     0  printfa.o(i.__0vfprintf)
    vfprintf                                 0x08002231   Thumb Code     0  printfa.o(i.__0vfprintf)
    __ARM_clz                                0x08002249   Thumb Code    46  depilogue.o(i.__ARM_clz)
    __ARM_fpclassify                         0x08002279   Thumb Code    40  fpclassify.o(i.__ARM_fpclassify)
    __kernel_poly                            0x080022a5   Thumb Code   172  poly.o(i.__kernel_poly)
    __mathlib_dbl_infnan                     0x08002351   Thumb Code    10  dunder.o(i.__mathlib_dbl_infnan)
    __mathlib_dbl_infnan2                    0x0800235b   Thumb Code     8  dunder.o(i.__mathlib_dbl_infnan2)
    __mathlib_dbl_underflow                  0x08002365   Thumb Code    14  dunder.o(i.__mathlib_dbl_underflow)
    __scatterload_copy                       0x08002379   Thumb Code    14  handlers.o(i.__scatterload_copy)
    __scatterload_null                       0x08002387   Thumb Code     2  handlers.o(i.__scatterload_null)
    __scatterload_zeroinit                   0x08002389   Thumb Code    14  handlers.o(i.__scatterload_zeroinit)
    __set_errno                              0x08002399   Thumb Code     6  errno.o(i.__set_errno)
    aPrintOutLog                             0x08002c35   Thumb Code    20  debugprobe.o(i.aPrintOutLog)
    atan                                     0x08002c49   Thumb Code   472  atan.o(i.atan)
    atan2                                    0x08002e65   Thumb Code   334  atan2.o(i.atan2)
    fputc                                    0x08002fdd   Thumb Code     8  debugprobe.o(i.fputc)
    main                                     0x08002fe5   Thumb Code    46  main.o(i.main)
    sendchar                                 0x08003015   Thumb Code    18  debugprobe.o(i.sendchar)
    sqrt                                     0x0800302d   Thumb Code    66  sqrt.o(i.sqrt)
    AHBPrescTable                            0x08003074   Data          16  system_stm32f0xx.o(.constdata)
    APBPrescTable                            0x08003084   Data           8  system_stm32f0xx.o(.constdata)
    __mathlib_zero                           0x08003128   Data           8  qnan.o(.constdata)
    Region$$Table$$Base                      0x08003130   Number         0  anon$$obj.o(Region$$Table)
    Region$$Table$$Limit                     0x08003150   Number         0  anon$$obj.o(Region$$Table)
    SystemCoreClock                          0x20000000   Data           4  system_stm32f0xx.o(.data)
    uwTick                                   0x20000004   Data           4  stm32f0xx_hal.o(.data)
    aRxBufferU1                              0x20000008   Data           1  debugprobe.o(.data)
    avgIndex                                 0x20000013   Data           1  adxl345.o(.data)
    alpha                                    0x20000018   Data           4  adxl345.o(.data)
    fXg                                      0x2000001c   Data           4  adxl345.o(.data)
    fYg                                      0x20000020   Data           4  adxl345.o(.data)
    fZg                                      0x20000024   Data           4  adxl345.o(.data)
    uwDeactiveTM                             0x20000028   Data           4  adxl345.o(.data)
    rollAvg                                  0x20000038   Data           8  adxl345.o(.data)
    pitchAvg                                 0x20000040   Data           8  adxl345.o(.data)
    rollAvgOld                               0x20000048   Data           8  adxl345.o(.data)
    pitchAvgOld                              0x20000050   Data           8  adxl345.o(.data)
    hspi1                                    0x2000005c   Data         100  main.o(.bss)
    hi2c1                                    0x200000c0   Data          76  main.o(.bss)
    huart1                                   0x2000010c   Data         112  main.o(.bss)
    roll                                     0x20000198   Data          20  adxl345.o(.bss)
    pitch                                    0x200001ac   Data          20  adxl345.o(.bss)
    __initial_sp                             0x200005c0   Data           0  startup_stm32f030x8.o(STACK)



==============================================================================

Memory Map of the image

  Image Entry point : 0x080000b5

  Load Region LR_IROM1 (Base: 0x08000000, Size: 0x000031ac, Max: 0x00010000, ABSOLUTE)

    Execution Region ER_IROM1 (Base: 0x08000000, Size: 0x00003150, Max: 0x00010000, ABSOLUTE)

    Base Addr    Size         Type   Attr      Idx    E Section Name        Object

    0x08000000   0x000000b4   Data   RO            3    RESET               startup_stm32f030x8.o
    0x080000b4   0x00000000   Code   RO         4299  * .ARM.Collect$$$$00000000  mc_p.l(entry.o)
    0x080000b4   0x00000004   Code   RO         4387    .ARM.Collect$$$$00000001  mc_p.l(entry2.o)
    0x080000b8   0x00000004   Code   RO         4390    .ARM.Collect$$$$00000004  mc_p.l(entry5.o)
    0x080000bc   0x00000000   Code   RO         4392    .ARM.Collect$$$$00000008  mc_p.l(entry7b.o)
    0x080000bc   0x00000000   Code   RO         4394    .ARM.Collect$$$$0000000A  mc_p.l(entry8b.o)
    0x080000bc   0x00000008   Code   RO         4395    .ARM.Collect$$$$0000000B  mc_p.l(entry9a.o)
    0x080000c4   0x00000000   Code   RO         4397    .ARM.Collect$$$$0000000D  mc_p.l(entry10a.o)
    0x080000c4   0x00000000   Code   RO         4399    .ARM.Collect$$$$0000000F  mc_p.l(entry11a.o)
    0x080000c4   0x00000004   Code   RO         4388    .ARM.Collect$$$$00002712  mc_p.l(entry2.o)
    0x080000c8   0x0000001c   Code   RO            4    .text               startup_stm32f030x8.o
    0x080000e4   0x0000002c   Code   RO         4302    .text               mc_p.l(uidiv.o)
    0x08000110   0x00000022   Code   RO         4304    .text               mc_p.l(llushr.o)
    0x08000132   0x000000b2   Code   RO         4334    .text               mf_p.l(fadd.o)
    0x080001e4   0x0000007a   Code   RO         4336    .text               mf_p.l(fmul.o)
    0x0800025e   0x00000002   PAD
    0x08000260   0x00000164   Code   RO         4338    .text               mf_p.l(dadd.o)
    0x080003c4   0x000000d0   Code   RO         4340    .text               mf_p.l(dmul.o)
    0x08000494   0x000000f0   Code   RO         4342    .text               mf_p.l(ddiv.o)
    0x08000584   0x00000016   Code   RO         4344    .text               mf_p.l(fflti.o)
    0x0800059a   0x00000002   PAD
    0x0800059c   0x0000001c   Code   RO         4348    .text               mf_p.l(dfltui.o)
    0x080005b8   0x00000028   Code   RO         4352    .text               mf_p.l(f2d.o)
    0x080005e0   0x00000028   Code   RO         4354    .text               mf_p.l(cdrcmple.o)
    0x08000608   0x00000038   Code   RO         4356    .text               mf_p.l(d2f.o)
    0x08000640   0x00000060   Code   RO         4401    .text               mc_p.l(uldiv.o)
    0x080006a0   0x00000020   Code   RO         4403    .text               mc_p.l(llshl.o)
    0x080006c0   0x00000026   Code   RO         4405    .text               mc_p.l(llsshr.o)
    0x080006e6   0x00000000   Code   RO         4414    .text               mc_p.l(iusefp.o)
    0x080006e6   0x00000082   Code   RO         4415    .text               mf_p.l(fepilogue.o)
    0x08000768   0x000000be   Code   RO         4417    .text               mf_p.l(depilogue.o)
    0x08000826   0x0000002c   Code   RO         4421    .text               mf_p.l(dscalb.o)
    0x08000852   0x000000a2   Code   RO         4423    .text               mf_p.l(dsqrt.o)
    0x080008f4   0x00000040   Code   RO         4425    .text               mf_p.l(dfixul.o)
    0x08000934   0x00000024   Code   RO         4429    .text               mc_p.l(init.o)
    0x08000958   0x0000030c   Code   RO         3593    i.ADXL345_AcclProcess  adxl345.o
    0x08000c64   0x00000074   Code   RO         3597    i.ADXL345_SPI_Init  adxl345.o
    0x08000cd8   0x0000005a   Code   RO         3598    i.ADXL345_SoftSPI_SendByte  adxl345.o
    0x08000d32   0x00000002   PAD
    0x08000d34   0x00000040   Code   RO         3627    i.ADXL345_init      adxl345.o
    0x08000d74   0x0000001c   Code   RO         3648    i.ADXL345_powerOn   adxl345.o
    0x08000d90   0x000000d0   Code   RO         3650    i.ADXL345_processInterfaceFunctionality  adxl345.o
    0x08000e60   0x00000044   Code   RO         3651    i.ADXL345_readAccel  adxl345.o
    0x08000ea4   0x00000008   Code   RO         3653    i.ADXL345_readFrom  adxl345.o
    0x08000eac   0x00000090   Code   RO         3655    i.ADXL345_readFromSPI  adxl345.o
    0x08000f3c   0x00000008   Code   RO         3698    i.ADXL345_writeTo   adxl345.o
    0x08000f44   0x0000002c   Code   RO         3700    i.ADXL345_writeToSPI  adxl345.o
    0x08000f70   0x00000008   Code   RO         3485    i.BSP_DebugProbe_GetRxDBuffer  debugprobe.o
    0x08000f78   0x00000038   Code   RO         3486    i.BSP_DebugProbe_Init  debugprobe.o
    0x08000fb0   0x00000048   Code   RO         1811    i.HAL_DMA_Abort_IT  stm32f0xx_hal_dma.o
    0x08000ff8   0x00000148   Code   RO         1490    i.HAL_GPIO_Init     stm32f0xx_hal_gpio.o
    0x08001140   0x0000000a   Code   RO         1492    i.HAL_GPIO_ReadPin  stm32f0xx_hal_gpio.o
    0x0800114a   0x0000000c   Code   RO         1494    i.HAL_GPIO_WritePin  stm32f0xx_hal_gpio.o
    0x08001156   0x00000002   PAD
    0x08001158   0x0000000c   Code   RO         1355    i.HAL_GetTick       stm32f0xx_hal.o
    0x08001164   0x000000b4   Code   RO         2685    i.HAL_I2C_Init      stm32f0xx_hal_i2c.o
    0x08001218   0x00000044   Code   RO          151    i.HAL_I2C_MspInit   stm32f0xx_hal_msp.o
    0x0800125c   0x00000010   Code   RO         1359    i.HAL_IncTick       stm32f0xx_hal.o
    0x0800126c   0x00000020   Code   RO         1360    i.HAL_Init          stm32f0xx_hal.o
    0x0800128c   0x00000022   Code   RO         1361    i.HAL_InitTick      stm32f0xx_hal.o
    0x080012ae   0x00000002   PAD
    0x080012b0   0x00000038   Code   RO          152    i.HAL_MspInit       stm32f0xx_hal_msp.o
    0x080012e8   0x00000014   Code   RO         1585    i.HAL_NVIC_EnableIRQ  stm32f0xx_hal_cortex.o
    0x080012fc   0x00000008   Code   RO         1589    i.HAL_NVIC_SetPriority  stm32f0xx_hal_cortex.o
    0x08001304   0x0000012c   Code   RO          653    i.HAL_RCC_ClockConfig  stm32f0xx_hal_rcc.o
    0x08001430   0x0000000c   Code   RO          658    i.HAL_RCC_GetHCLKFreq  stm32f0xx_hal_rcc.o
    0x0800143c   0x00000020   Code   RO          660    i.HAL_RCC_GetPCLK1Freq  stm32f0xx_hal_rcc.o
    0x0800145c   0x00000078   Code   RO          661    i.HAL_RCC_GetSysClockFreq  stm32f0xx_hal_rcc.o
    0x080014d4   0x00000354   Code   RO          664    i.HAL_RCC_OscConfig  stm32f0xx_hal_rcc.o
    0x08001828   0x000000b8   Code   RO         3113    i.HAL_SPI_Init      stm32f0xx_hal_spi.o
    0x080018e0   0x00000044   Code   RO          154    i.HAL_SPI_MspInit   stm32f0xx_hal_msp.o
    0x08001924   0x00000018   Code   RO         1591    i.HAL_SYSTICK_CLKSourceConfig  stm32f0xx_hal_cortex.o
    0x0800193c   0x00000002   Code   RO         1592    i.HAL_SYSTICK_Callback  stm32f0xx_hal_cortex.o
    0x0800193e   0x00000002   PAD
    0x08001940   0x00000030   Code   RO         1593    i.HAL_SYSTICK_Config  stm32f0xx_hal_cortex.o
    0x08001970   0x00000008   Code   RO         1594    i.HAL_SYSTICK_IRQHandler  stm32f0xx_hal_cortex.o
    0x08001978   0x00000002   Code   RO         1025    i.HAL_UART_ErrorCallback  stm32f0xx_hal_uart.o
    0x0800197a   0x00000002   PAD
    0x0800197c   0x00000114   Code   RO         1028    i.HAL_UART_IRQHandler  stm32f0xx_hal_uart.o
    0x08001a90   0x0000006c   Code   RO         1029    i.HAL_UART_Init     stm32f0xx_hal_uart.o
    0x08001afc   0x0000004c   Code   RO          156    i.HAL_UART_MspInit  stm32f0xx_hal_msp.o
    0x08001b48   0x00000088   Code   RO         1034    i.HAL_UART_Receive_IT  stm32f0xx_hal_uart.o
    0x08001bd0   0x00000002   Code   RO         1035    i.HAL_UART_RxCpltCallback  stm32f0xx_hal_uart.o
    0x08001bd2   0x000000c8   Code   RO         1037    i.HAL_UART_Transmit  stm32f0xx_hal_uart.o
    0x08001c9a   0x00000002   Code   RO         1040    i.HAL_UART_TxCpltCallback  stm32f0xx_hal_uart.o
    0x08001c9c   0x00000002   Code   RO          214    i.HardFault_Handler  stm32f0xx_it.o
    0x08001c9e   0x00000002   PAD
    0x08001ca0   0x0000002c   Code   RO          275    i.MX_I2C1_Init      main.o
    0x08001ccc   0x00000014   Code   RO          276    i.MX_NVIC_Init      main.o
    0x08001ce0   0x00000048   Code   RO          277    i.MX_SPI1_Init      main.o
    0x08001d28   0x00000038   Code   RO          278    i.MX_USART1_UART_Init  main.o
    0x08001d60   0x00000002   Code   RO          215    i.NMI_Handler       stm32f0xx_it.o
    0x08001d62   0x00000002   PAD
    0x08001d64   0x00000044   Code   RO         1595    i.NVIC_SetPriority  stm32f0xx_hal_cortex.o
    0x08001da8   0x00000002   Code   RO          216    i.PendSV_Handler    stm32f0xx_it.o
    0x08001daa   0x00000002   Code   RO          217    i.SVC_Handler       stm32f0xx_it.o
    0x08001dac   0x0000000c   Code   RO          218    i.SysTick_Handler   stm32f0xx_it.o
    0x08001db8   0x00000062   Code   RO          279    i.SystemClock_Config  main.o
    0x08001e1a   0x00000002   PAD
    0x08001e1c   0x0000005c   Code   RO           13    i.SystemInit        system_stm32f0xx.o
    0x08001e78   0x000000ca   Code   RO         1042    i.UART_AdvFeatureConfig  stm32f0xx_hal_uart.o
    0x08001f42   0x00000012   Code   RO         1043    i.UART_CheckIdleState  stm32f0xx_hal_uart.o
    0x08001f54   0x00000014   Code   RO         1044    i.UART_DMAAbortOnError  stm32f0xx_hal_uart.o
    0x08001f68   0x0000001e   Code   RO         1054    i.UART_EndRxTransfer  stm32f0xx_hal_uart.o
    0x08001f86   0x0000001a   Code   RO         1055    i.UART_EndTransmit_IT  stm32f0xx_hal_uart.o
    0x08001fa0   0x0000007a   Code   RO         1057    i.UART_Receive_IT   stm32f0xx_hal_uart.o
    0x0800201a   0x00000002   PAD
    0x0800201c   0x00000130   Code   RO         1058    i.UART_SetConfig    stm32f0xx_hal_uart.o
    0x0800214c   0x00000066   Code   RO         1059    i.UART_Transmit_IT  stm32f0xx_hal_uart.o
    0x080021b2   0x00000062   Code   RO         1060    i.UART_WaitOnFlagUntilTimeout  stm32f0xx_hal_uart.o
    0x08002214   0x0000001c   Code   RO          219    i.USART1_IRQHandler  stm32f0xx_it.o
    0x08002230   0x00000018   Code   RO         4310    i.__0vfprintf       mc_p.l(printfa.o)
    0x08002248   0x0000002e   Code   RO         4419    i.__ARM_clz         mf_p.l(depilogue.o)
    0x08002276   0x00000002   PAD
    0x08002278   0x0000002c   Code   RO         4382    i.__ARM_fpclassify  m_ps.l(fpclassify.o)
    0x080022a4   0x000000ac   Code   RO         4384    i.__kernel_poly     m_ps.l(poly.o)
    0x08002350   0x0000000a   Code   RO         4369    i.__mathlib_dbl_infnan  m_ps.l(dunder.o)
    0x0800235a   0x00000008   Code   RO         4370    i.__mathlib_dbl_infnan2  m_ps.l(dunder.o)
    0x08002362   0x00000002   PAD
    0x08002364   0x00000014   Code   RO         4374    i.__mathlib_dbl_underflow  m_ps.l(dunder.o)
    0x08002378   0x0000000e   Code   RO         4433    i.__scatterload_copy  mc_p.l(handlers.o)
    0x08002386   0x00000002   Code   RO         4434    i.__scatterload_null  mc_p.l(handlers.o)
    0x08002388   0x0000000e   Code   RO         4435    i.__scatterload_zeroinit  mc_p.l(handlers.o)
    0x08002396   0x00000002   PAD
    0x08002398   0x0000000c   Code   RO         4409    i.__set_errno       mc_p.l(errno.o)
    0x080023a4   0x00000158   Code   RO         4314    i._fp_digits        mc_p.l(printfa.o)
    0x080024fc   0x000006ec   Code   RO         4315    i._printf_core      mc_p.l(printfa.o)
    0x08002be8   0x00000020   Code   RO         4316    i._printf_post_padding  mc_p.l(printfa.o)
    0x08002c08   0x0000002c   Code   RO         4317    i._printf_pre_padding  mc_p.l(printfa.o)
    0x08002c34   0x00000014   Code   RO         3491    i.aPrintOutLog      debugprobe.o
    0x08002c48   0x0000021c   Code   RO         4359    i.atan              m_ps.l(atan.o)
    0x08002e64   0x00000178   Code   RO         4274    i.atan2             m_ps.l(atan2.o)
    0x08002fdc   0x00000008   Code   RO         3493    i.fputc             debugprobe.o
    0x08002fe4   0x0000002e   Code   RO          281    i.main              main.o
    0x08003012   0x00000002   PAD
    0x08003014   0x00000018   Code   RO         3495    i.sendchar          debugprobe.o
    0x0800302c   0x00000048   Code   RO         4292    i.sqrt              m_ps.l(sqrt.o)
    0x08003074   0x00000010   Data   RO           14    .constdata          system_stm32f0xx.o
    0x08003084   0x00000008   Data   RO           15    .constdata          system_stm32f0xx.o
    0x0800308c   0x00000004   PAD
    0x08003090   0x00000098   Data   RO         4360    .constdata          m_ps.l(atan.o)
    0x08003128   0x00000008   Data   RO         4386    .constdata          m_ps.l(qnan.o)
    0x08003130   0x00000020   Data   RO         4431    Region$$Table       anon$$obj.o


    Execution Region RW_IRAM1 (Base: 0x20000000, Size: 0x000005c0, Max: 0x00002000, ABSOLUTE)

    Base Addr    Size         Type   Attr      Idx    E Section Name        Object

    0x20000000   0x00000004   Data   RW           16    .data               system_stm32f0xx.o
    0x20000004   0x00000004   Data   RW         1366    .data               stm32f0xx_hal.o
    0x20000008   0x00000001   Data   RW         3496    .data               debugprobe.o
    0x20000009   0x00000007   PAD
    0x20000010   0x00000048   Data   RW         3702    .data               adxl345.o
    0x20000058   0x00000004   Data   RW         4410    .data               mc_p.l(errno.o)
    0x2000005c   0x00000120   Zero   RW          282    .bss                main.o
    0x2000017c   0x00000004   PAD
    0x20000180   0x00000040   Zero   RW         3701    .bss                adxl345.o
    0x200001c0   0x00000400   Zero   RW            1    STACK               startup_stm32f030x8.o


==============================================================================

Image component sizes


      Code (inc. data)   RO Data    RW Data    ZI Data      Debug   Object Name

      1558        258          0         72         64      13105   adxl345.o
       116         22          0          1          0       5418   debugprobe.o
       336         26          0          0        288       3771   main.o
        28          8        180          0       1024        616   startup_stm32f030x8.o
        94         18          0          4          0       3059   stm32f0xx_hal.o
       178         28          0          0          0      10239   stm32f0xx_hal_cortex.o
        72          0          0          0          0       1135   stm32f0xx_hal_dma.o
       350         26          0          0          0       2683   stm32f0xx_hal_gpio.o
       180          4          0          0          0       2963   stm32f0xx_hal_i2c.o
       268         38          0          0          0       2661   stm32f0xx_hal_msp.o
      1316         94          0          0          0       4809   stm32f0xx_hal_rcc.o
       184          0          0          0          0       1239   stm32f0xx_hal_spi.o
      1648         32          0          0          0      10975   stm32f0xx_hal_uart.o
        48          4          0          0          0       2451   stm32f0xx_it.o
        92         14         24          4          0     244463   system_stm32f0xx.o

    ----------------------------------------------------------------------
      6488        572        240         88       1380     309587   Object Totals
         0          0         32          0          0          0   (incl. Generated)
        20          0          4          7          4          0   (incl. Padding)

    ----------------------------------------------------------------------

      Code (inc. data)   RO Data    RW Data    ZI Data      Debug   Library Member Name

       540         68        152          0          0        112   atan.o
       376         42          0          0          0        144   atan2.o
        38          6          0          0          0        204   dunder.o
        44          4          0          0          0         60   fpclassify.o
       172          0          0          0          0         76   poly.o
         0          0          8          0          0          0   qnan.o
        72          6          0          0          0         76   sqrt.o
         0          0          0          0          0          0   entry.o
         0          0          0          0          0          0   entry10a.o
         0          0          0          0          0          0   entry11a.o
         8          4          0          0          0          0   entry2.o
         4          0          0          0          0          0   entry5.o
         0          0          0          0          0          0   entry7b.o
         0          0          0          0          0          0   entry8b.o
         8          4          0          0          0          0   entry9a.o
        12          6          0          4          0         60   errno.o
        30          0          0          0          0          0   handlers.o
        36          8          0          0          0         68   init.o
         0          0          0          0          0          0   iusefp.o
        32          0          0          0          0         68   llshl.o
        38          0          0          0          0         68   llsshr.o
        34          0          0          0          0         68   llushr.o
      2216         94          0          0          0        400   printfa.o
        44          0          0          0          0         72   uidiv.o
        96          0          0          0          0         84   uldiv.o
        40          2          0          0          0         68   cdrcmple.o
        56          0          0          0          0         68   d2f.o
       356          4          0          0          0        140   dadd.o
       240          6          0          0          0         84   ddiv.o
       236          0          0          0          0        216   depilogue.o
        64         10          0          0          0         68   dfixul.o
        28          4          0          0          0         68   dfltui.o
       208          6          0          0          0         88   dmul.o
        44          0          0          0          0         72   dscalb.o
       162          0          0          0          0         80   dsqrt.o
        40          0          0          0          0         60   f2d.o
       178          0          0          0          0        108   fadd.o
       130          0          0          0          0        144   fepilogue.o
        22          0          0          0          0         68   fflti.o
       122          0          0          0          0         72   fmul.o

    ----------------------------------------------------------------------
      5736        274        160          4          0       2964   Library Totals
        10          0          0          0          0          0   (incl. Padding)

    ----------------------------------------------------------------------

      Code (inc. data)   RO Data    RW Data    ZI Data      Debug   Library Name

      1242        126        160          0          0        672   m_ps.l
      2558        116          0          4          0        888   mc_p.l
      1926         32          0          0          0       1404   mf_p.l

    ----------------------------------------------------------------------
      5736        274        160          4          0       2964   Library Totals

    ----------------------------------------------------------------------

==============================================================================


      Code (inc. data)   RO Data    RW Data    ZI Data      Debug   

     12224        846        400         92       1380     308207   Grand Totals
     12224        846        400         92       1380     308207   ELF Image Totals
     12224        846        400         92          0          0   ROM Totals

==============================================================================

    Total RO  Size (Code + RO Data)                12624 (  12.33kB)
    Total RW  Size (RW Data + ZI Data)              1472 (   1.44kB)
    Total ROM Size (Code + RO Data + RW Data)      12716 (  12.42kB)

==============================================================================

